Archive member included to satisfy reference by file (symbol)

libnrf-sdk.a(gcc_startup_nrf52.S.o)
                              CMakeFiles/pinetime-recovery-loader.dir/FreeRTOS/port.c.o (__isr_vector)
libnrf-sdk.a(nrf_drv_clock.c.o)
                              CMakeFiles/pinetime-recovery-loader.dir/recoveryLoader.cpp.o (nrf_drv_clock_init)
libnrf-sdk.a(nrfx_clock.c.o)  libnrf-sdk.a(nrf_drv_clock.c.o) (nrfx_clock_init)
libnrf-sdk.a(queue.c.o)       CMakeFiles/pinetime-recovery-loader.dir/drivers/SpiMaster.cpp.o (xQueueGenericCreate)
libnrf-sdk.a(tasks.c.o)       CMakeFiles/pinetime-recovery-loader.dir/logging/NrfLogger.cpp.o (xTaskCreate)
libnrf-sdk.a(timers.c.o)      libnrf-sdk.a(tasks.c.o) (xTimerCreateTimerTask)
libnrf-sdk.a(app_error.c.o)   CMakeFiles/pinetime-recovery-loader.dir/logging/NrfLogger.cpp.o (app_error_handler_bare)
libnrf-sdk.a(app_error_weak.c.o)
                              libnrf-sdk.a(app_error.c.o) (app_error_fault_handler)
libnrf-sdk.a(app_util_platform.c.o)
                              libnrf-sdk.a(nrf_drv_clock.c.o) (app_util_critical_region_enter)
libnrf-sdk.a(app_gpiote.c.o)  CMakeFiles/pinetime-recovery-loader.dir/recoveryLoader.cpp.o (app_gpiote_init)
libnrf-sdk.a(system_nrf52.c.o)
                              libnrf-sdk.a(gcc_startup_nrf52.S.o) (SystemInit)
libnrf-sdk.a(nrfx_gpiote.c.o)
                              libnrf-sdk.a(app_gpiote.c.o) (nrfx_gpiote_init)
libnrf-sdk.a(heap_4.c.o)      libnrf-sdk.a(queue.c.o) (pvPortMalloc)
libnrf-sdk.a(list.c.o)        libnrf-sdk.a(queue.c.o) (vListInitialise)
/opt/gcc-arm-none-eabi-9-2020-q2-update/bin/../lib/gcc/arm-none-eabi/9.3.1/../../../../arm-none-eabi/lib/thumb/v7e-m+fp/hard/libc_nano.a(lib_a-exit.o)
                              /opt/gcc-arm-none-eabi-9-2020-q2-update/bin/../lib/gcc/arm-none-eabi/9.3.1/../../../../arm-none-eabi/lib/thumb/v7e-m+fp/hard/crt0.o (exit)
/opt/gcc-arm-none-eabi-9-2020-q2-update/bin/../lib/gcc/arm-none-eabi/9.3.1/../../../../arm-none-eabi/lib/thumb/v7e-m+fp/hard/libc_nano.a(lib_a-impure.o)
                              /opt/gcc-arm-none-eabi-9-2020-q2-update/bin/../lib/gcc/arm-none-eabi/9.3.1/../../../../arm-none-eabi/lib/thumb/v7e-m+fp/hard/libc_nano.a(lib_a-exit.o) (_global_impure_ptr)
/opt/gcc-arm-none-eabi-9-2020-q2-update/bin/../lib/gcc/arm-none-eabi/9.3.1/../../../../arm-none-eabi/lib/thumb/v7e-m+fp/hard/libc_nano.a(lib_a-init.o)
                              /opt/gcc-arm-none-eabi-9-2020-q2-update/bin/../lib/gcc/arm-none-eabi/9.3.1/../../../../arm-none-eabi/lib/thumb/v7e-m+fp/hard/crt0.o (__libc_init_array)
/opt/gcc-arm-none-eabi-9-2020-q2-update/bin/../lib/gcc/arm-none-eabi/9.3.1/../../../../arm-none-eabi/lib/thumb/v7e-m+fp/hard/libc_nano.a(lib_a-memcpy-stub.o)
                              CMakeFiles/pinetime-recovery-loader.dir/recoveryLoader.cpp.o (memcpy)
/opt/gcc-arm-none-eabi-9-2020-q2-update/bin/../lib/gcc/arm-none-eabi/9.3.1/../../../../arm-none-eabi/lib/thumb/v7e-m+fp/hard/libc_nano.a(lib_a-memset.o)
                              /opt/gcc-arm-none-eabi-9-2020-q2-update/bin/../lib/gcc/arm-none-eabi/9.3.1/../../../../arm-none-eabi/lib/thumb/v7e-m+fp/hard/crt0.o (memset)
/opt/gcc-arm-none-eabi-9-2020-q2-update/bin/../lib/gcc/arm-none-eabi/9.3.1/../../../../arm-none-eabi/lib/thumb/v7e-m+fp/hard/libnosys.a(_exit.o)
                              /opt/gcc-arm-none-eabi-9-2020-q2-update/bin/../lib/gcc/arm-none-eabi/9.3.1/../../../../arm-none-eabi/lib/thumb/v7e-m+fp/hard/libc_nano.a(lib_a-exit.o) (_exit)

Allocating common symbols
Common symbol       size              file

xQueueRegistry      0x10              libnrf-sdk.a(queue.c.o)

Discarded input sections

 .text          0x0000000000000000        0x0 /opt/gcc-arm-none-eabi-9-2020-q2-update/bin/../lib/gcc/arm-none-eabi/9.3.1/thumb/v7e-m+fp/hard/crti.o
 .data          0x0000000000000000        0x0 /opt/gcc-arm-none-eabi-9-2020-q2-update/bin/../lib/gcc/arm-none-eabi/9.3.1/thumb/v7e-m+fp/hard/crti.o
 .bss           0x0000000000000000        0x0 /opt/gcc-arm-none-eabi-9-2020-q2-update/bin/../lib/gcc/arm-none-eabi/9.3.1/thumb/v7e-m+fp/hard/crti.o
 .data          0x0000000000000000        0x4 /opt/gcc-arm-none-eabi-9-2020-q2-update/bin/../lib/gcc/arm-none-eabi/9.3.1/thumb/v7e-m+fp/hard/crtbegin.o
 .data          0x0000000000000000        0x0 /opt/gcc-arm-none-eabi-9-2020-q2-update/bin/../lib/gcc/arm-none-eabi/9.3.1/../../../../arm-none-eabi/lib/thumb/v7e-m+fp/hard/crt0.o
 .bss           0x0000000000000000        0x0 /opt/gcc-arm-none-eabi-9-2020-q2-update/bin/../lib/gcc/arm-none-eabi/9.3.1/../../../../arm-none-eabi/lib/thumb/v7e-m+fp/hard/crt0.o
 .ARM.extab     0x0000000000000000        0x0 /opt/gcc-arm-none-eabi-9-2020-q2-update/bin/../lib/gcc/arm-none-eabi/9.3.1/../../../../arm-none-eabi/lib/thumb/v7e-m+fp/hard/crt0.o
 .group         0x0000000000000000        0xc CMakeFiles/pinetime-recovery-loader.dir/FreeRTOS/port.c.o
 .group         0x0000000000000000        0xc CMakeFiles/pinetime-recovery-loader.dir/FreeRTOS/port.c.o
[...]
Memory Configuration

Name             Origin             Length             Attributes
FLASH            0x0000000000000000 0x0000000000078000 xr
RAM              0x0000000020000000 0x0000000000010000 xrw
*default*        0x0000000000000000 0xffffffffffffffff

Linker script and memory map


.text           0x0000000000000000    0x23800
 *(.isr_vector)
 .isr_vector    0x0000000000000000      0x200 libnrf-sdk.a(gcc_startup_nrf52.S.o)
                0x0000000000000000                __isr_vector
 *(.text*)
 .text          0x0000000000000200       0x40 /opt/gcc-arm-none-eabi-9-2020-q2-update/bin/../lib/gcc/arm-none-eabi/9.3.1/thumb/v7e-m+fp/hard/crtbegin.o
 .text          0x0000000000000240       0x7c /opt/gcc-arm-none-eabi-9-2020-q2-update/bin/../lib/gcc/arm-none-eabi/9.3.1/../../../../arm-none-eabi/lib/thumb/v7e-m+fp/hard/crt0.o
                0x0000000000000240                _stack_init
                0x0000000000000248                _mainCRTStartup
                0x0000000000000248                _start
 .text.vPortStartFirstTask
                0x00000000000002bc       0x1c CMakeFiles/pinetime-recovery-loader.dir/FreeRTOS/port.c.o
                0x00000000000002bc                vPortStartFirstTask
 .text.SVC_Handler
                0x00000000000002d8       0x20 CMakeFiles/pinetime-recovery-loader.dir/FreeRTOS/port.c.o
                0x00000000000002d8                SVC_Handler
 .text.PendSV_Handler
                0x00000000000002f8       0x60 CMakeFiles/pinetime-recovery-loader.dir/FreeRTOS/port.c.o
                0x00000000000002f8                PendSV_Handler
 .text.RTC1_IRQHandler
                0x0000000000000358       0x74 CMakeFiles/pinetime-recovery-loader.dir/FreeRTOS/port_cmsis_systick.c.o
                0x0000000000000358                RTC1_IRQHandler
 .text.vPortSetupTimerInterrupt
                0x00000000000003cc       0x40 CMakeFiles/pinetime-recovery-loader.dir/FreeRTOS/port_cmsis_systick.c.o
                0x00000000000003cc                vPortSetupTimerInterrupt
 .text.vPortSuppressTicksAndSleep
                0x000000000000040c       0xc4 CMakeFiles/pinetime-recovery-loader.dir/FreeRTOS/port_cmsis_systick.c.o
                0x000000000000040c                vPortSuppressTicksAndSleep
 .text.prvTaskExitError
                0x00000000000004d0        0x4 CMakeFiles/pinetime-recovery-loader.dir/FreeRTOS/port_cmsis.c.o
 .text.pxPortInitialiseStack
                0x00000000000004d4       0x24 CMakeFiles/pinetime-recovery-loader.dir/FreeRTOS/port_cmsis.c.o
                0x00000000000004d4                pxPortInitialiseStack
 .text.xPortStartScheduler
                0x00000000000004f8       0x48 CMakeFiles/pinetime-recovery-loader.dir/FreeRTOS/port_cmsis.c.o
                0x00000000000004f8                xPortStartScheduler
 .text.vPortEnterCritical
                0x0000000000000540       0x10 CMakeFiles/pinetime-recovery-loader.dir/FreeRTOS/port_cmsis.c.o
                0x0000000000000540                vPortEnterCritical
 .text.vPortExitCritical
                0x0000000000000550       0x14 CMakeFiles/pinetime-recovery-loader.dir/FreeRTOS/port_cmsis.c.o
                0x0000000000000550                vPortExitCritical
 .text.ulSetInterruptMaskFromISR
                0x0000000000000564        0x8 CMakeFiles/pinetime-recovery-loader.dir/FreeRTOS/port_cmsis.c.o
                0x0000000000000564                ulSetInterruptMaskFromISR
 .text.vClearInterruptMaskFromISR
                0x000000000000056c        0x6 CMakeFiles/pinetime-recovery-loader.dir/FreeRTOS/port_cmsis.c.o
                0x000000000000056c                vClearInterruptMaskFromISR
 .text._ZN8Pinetime7Drivers11SpiNorFlashC2ERNS0_3SpiE
                0x0000000000000572        0xc CMakeFiles/pinetime-recovery-loader.dir/drivers/SpiNorFlash.cpp.o
                0x0000000000000572                Pinetime::Drivers::SpiNorFlash::SpiNorFlash(Pinetime::Drivers::Spi&)
                0x0000000000000572                Pinetime::Drivers::SpiNorFlash::SpiNorFlash(Pinetime::Drivers::Spi&)
 .text._ZN8Pinetime7Drivers11SpiNorFlash17ReadIdentificaionEv
                0x000000000000057e       0x44 CMakeFiles/pinetime-recovery-loader.dir/drivers/SpiNorFlash.cpp.o
                0x000000000000057e                Pinetime::Drivers::SpiNorFlash::ReadIdentificaion()
 .text._ZN8Pinetime7Drivers11SpiNorFlash4InitEv
                0x00000000000005c2       0x18 CMakeFiles/pinetime-recovery-loader.dir/drivers/SpiNorFlash.cpp.o
                0x00000000000005c2                Pinetime::Drivers::SpiNorFlash::Init()
 *fill*         0x00000000000005da        0x2 
 .text._ZN8Pinetime7Drivers11SpiNorFlash6WakeupEv
                0x00000000000005dc       0x3c CMakeFiles/pinetime-recovery-loader.dir/drivers/SpiNorFlash.cpp.o
                0x00000000000005dc                Pinetime::Drivers::SpiNorFlash::Wakeup()
 .text._ZN8Pinetime7Drivers11SpiNorFlash18ReadStatusRegisterEv
                0x0000000000000618       0x24 CMakeFiles/pinetime-recovery-loader.dir/drivers/SpiNorFlash.cpp.o
                0x0000000000000618                Pinetime::Drivers::SpiNorFlash::ReadStatusRegister()
 .text._ZN8Pinetime7Drivers11SpiNorFlash15WriteInProgressEv
                0x000000000000063c        0xc CMakeFiles/pinetime-recovery-loader.dir/drivers/SpiNorFlash.cpp.o
                0x000000000000063c                Pinetime::Drivers::SpiNorFlash::WriteInProgress()
 .text._ZN8Pinetime7Drivers11SpiNorFlash12WriteEnabledEv
                0x0000000000000648        0xc CMakeFiles/pinetime-recovery-loader.dir/drivers/SpiNorFlash.cpp.o
                0x0000000000000648                Pinetime::Drivers::SpiNorFlash::WriteEnabled()
 .text._ZN8Pinetime7Drivers11SpiNorFlash11WriteEnableEv
                0x0000000000000654       0x1e CMakeFiles/pinetime-recovery-loader.dir/drivers/SpiNorFlash.cpp.o
                0x0000000000000654                Pinetime::Drivers::SpiNorFlash::WriteEnable()
 .text._ZN8Pinetime7Drivers11SpiNorFlash11SectorEraseEm
                0x0000000000000672       0x4c CMakeFiles/pinetime-recovery-loader.dir/drivers/SpiNorFlash.cpp.o
                0x0000000000000672                Pinetime::Drivers::SpiNorFlash::SectorErase(unsigned long)
 .text._ZN8Pinetime7Drivers11SpiNorFlash5WriteEmPKhj
                0x00000000000006be       0x76 CMakeFiles/pinetime-recovery-loader.dir/drivers/SpiNorFlash.cpp.o
                0x00000000000006be                Pinetime::Drivers::SpiNorFlash::Write(unsigned long, unsigned char const*, unsigned int)
 .text._ZN8Pinetime7Drivers9SpiMasterC2ENS1_9SpiModuleERKNS1_10ParametersE
                0x0000000000000734       0x24 CMakeFiles/pinetime-recovery-loader.dir/drivers/SpiMaster.cpp.o
                0x0000000000000734                Pinetime::Drivers::SpiMaster::SpiMaster(Pinetime::Drivers::SpiMaster::SpiModule, Pinetime::Drivers::SpiMaster::Parameters const&)
                0x0000000000000734                Pinetime::Drivers::SpiMaster::SpiMaster(Pinetime::Drivers::SpiMaster::SpiModule, Pinetime::Drivers::SpiMaster::Parameters const&)
 .text._ZN8Pinetime7Drivers9SpiMaster4InitEv
                0x0000000000000758       0xe4 CMakeFiles/pinetime-recovery-loader.dir/drivers/SpiMaster.cpp.o
                0x0000000000000758                Pinetime::Drivers::SpiMaster::Init()
 .text._ZN8Pinetime7Drivers9SpiMaster25SetupWorkaroundForFtpan58EP13NRF_SPIM_Typemm
                0x000000000000083c       0x6c CMakeFiles/pinetime-recovery-loader.dir/drivers/SpiMaster.cpp.o
                0x000000000000083c                Pinetime::Drivers::SpiMaster::SetupWorkaroundForFtpan58(NRF_SPIM_Type*, unsigned long, unsigned long)
 .text._ZN8Pinetime7Drivers9SpiMaster27DisableWorkaroundForFtpan58EP13NRF_SPIM_Typemm
                0x00000000000008a8       0x4c CMakeFiles/pinetime-recovery-loader.dir/drivers/SpiMaster.cpp.o
                0x00000000000008a8                Pinetime::Drivers::SpiMaster::DisableWorkaroundForFtpan58(NRF_SPIM_Type*, unsigned long, unsigned long)
 .text._ZN8Pinetime7Drivers9SpiMaster14OnStartedEventEv
                0x00000000000008f4        0x2 CMakeFiles/pinetime-recovery-loader.dir/drivers/SpiMaster.cpp.o
                0x00000000000008f4                Pinetime::Drivers::SpiMaster::OnStartedEvent()
 .text._ZN8Pinetime7Drivers9SpiMaster9PrepareTxEmj
                0x00000000000008f6       0x3a CMakeFiles/pinetime-recovery-loader.dir/drivers/SpiMaster.cpp.o
                0x00000000000008f6                Pinetime::Drivers::SpiMaster::PrepareTx(unsigned long, unsigned int)
 .text._ZN8Pinetime7Drivers9SpiMaster10OnEndEventEv
                0x0000000000000930       0x90 CMakeFiles/pinetime-recovery-loader.dir/drivers/SpiMaster.cpp.o
                0x0000000000000930                Pinetime::Drivers::SpiMaster::OnEndEvent()
 .text._ZN8Pinetime7Drivers9SpiMaster9PrepareRxEmjmj
                0x00000000000009c0       0x3c CMakeFiles/pinetime-recovery-loader.dir/drivers/SpiMaster.cpp.o
                0x00000000000009c0                Pinetime::Drivers::SpiMaster::PrepareRx(unsigned long, unsigned int, unsigned long, unsigned int)
 .text._ZN8Pinetime7Drivers9SpiMaster5WriteEhPKhj
                0x00000000000009fc       0xa6 CMakeFiles/pinetime-recovery-loader.dir/drivers/SpiMaster.cpp.o
                0x00000000000009fc                Pinetime::Drivers::SpiMaster::Write(unsigned char, unsigned char const*, unsigned int)
 .text._ZN8Pinetime7Drivers9SpiMaster4ReadEhPhjS2_j
                0x0000000000000aa2       0xb6 CMakeFiles/pinetime-recovery-loader.dir/drivers/SpiMaster.cpp.o
                0x0000000000000aa2                Pinetime::Drivers::SpiMaster::Read(unsigned char, unsigned char*, unsigned int, unsigned char*, unsigned int)
 .text._ZN8Pinetime7Drivers9SpiMaster17WriteCmdAndBufferEhPKhjS3_j
                0x0000000000000b58       0xae CMakeFiles/pinetime-recovery-loader.dir/drivers/SpiMaster.cpp.o
                0x0000000000000b58                Pinetime::Drivers::SpiMaster::WriteCmdAndBuffer(unsigned char, unsigned char const*, unsigned int, unsigned char const*, unsigned int)
 .text._ZN8Pinetime7Drivers3SpiC2ERNS0_9SpiMasterEh
                0x0000000000000c06       0x20 CMakeFiles/pinetime-recovery-loader.dir/drivers/Spi.cpp.o
                0x0000000000000c06                Pinetime::Drivers::Spi::Spi(Pinetime::Drivers::SpiMaster&, unsigned char)
                0x0000000000000c06                Pinetime::Drivers::Spi::Spi(Pinetime::Drivers::SpiMaster&, unsigned char)
 .text._ZN8Pinetime7Drivers3Spi5WriteEPKhj
                0x0000000000000c26        0xc CMakeFiles/pinetime-recovery-loader.dir/drivers/Spi.cpp.o
                0x0000000000000c26                Pinetime::Drivers::Spi::Write(unsigned char const*, unsigned int)
 .text._ZN8Pinetime7Drivers3Spi4ReadEPhjS2_j
                0x0000000000000c32       0x18 CMakeFiles/pinetime-recovery-loader.dir/drivers/Spi.cpp.o
                0x0000000000000c32                Pinetime::Drivers::Spi::Read(unsigned char*, unsigned int, unsigned char*, unsigned int)
 .text._ZN8Pinetime7Drivers3Spi17WriteCmdAndBufferEPKhjS3_j
                0x0000000000000c4a       0x18 CMakeFiles/pinetime-recovery-loader.dir/drivers/Spi.cpp.o
                0x0000000000000c4a                Pinetime::Drivers::Spi::WriteCmdAndBuffer(unsigned char const*, unsigned int, unsigned char const*, unsigned int)
 .text._ZN8Pinetime7Drivers3Spi4InitEv
                0x0000000000000c62       0x12 CMakeFiles/pinetime-recovery-loader.dir/drivers/Spi.cpp.o
                0x0000000000000c62                Pinetime::Drivers::Spi::Init()
 .text._ZN8Pinetime5Tools10RleDecoderC2EPKhj
                0x0000000000000c74       0x18 CMakeFiles/pinetime-recovery-loader.dir/components/rle/RleDecoder.cpp.o
                0x0000000000000c74                Pinetime::Tools::RleDecoder::RleDecoder(unsigned char const*, unsigned int)
                0x0000000000000c74                Pinetime::Tools::RleDecoder::RleDecoder(unsigned char const*, unsigned int)
 .text._ZN8Pinetime5Tools10RleDecoder10DecodeNextEPhj
                0x0000000000000c8c       0x5c CMakeFiles/pinetime-recovery-loader.dir/components/rle/RleDecoder.cpp.o
                0x0000000000000c8c                Pinetime::Tools::RleDecoder::DecodeNext(unsigned char*, unsigned int)
 .text._ZN8Pinetime10Components3GfxC2ERNS_7Drivers6St7789E
                0x0000000000000ce8       0x1c CMakeFiles/pinetime-recovery-loader.dir/components/gfx/Gfx.cpp.o
                0x0000000000000ce8                Pinetime::Components::Gfx::Gfx(Pinetime::Drivers::St7789&)
                0x0000000000000ce8                Pinetime::Components::Gfx::Gfx(Pinetime::Drivers::St7789&)
 .text._ZN8Pinetime10Components3Gfx4InitEv
                0x0000000000000d04        0x2 CMakeFiles/pinetime-recovery-loader.dir/components/gfx/Gfx.cpp.o
                0x0000000000000d04                Pinetime::Components::Gfx::Init()
 *fill*         0x0000000000000d06        0x2 
 .text._ZN8Pinetime10Components3Gfx19NotifyEndOfTransferEPv
                0x0000000000000d08       0x30 CMakeFiles/pinetime-recovery-loader.dir/components/gfx/Gfx.cpp.o
                0x0000000000000d08                Pinetime::Components::Gfx::NotifyEndOfTransfer(void*)
 .text._ZN8Pinetime10Components3Gfx13GetNextBufferEPPhRj
                0x0000000000000d38       0xca CMakeFiles/pinetime-recovery-loader.dir/components/gfx/Gfx.cpp.o
                0x0000000000000d38                Pinetime::Components::Gfx::GetNextBuffer(unsigned char**, unsigned int&)
 *fill*         0x0000000000000e02        0x2 
 .text.nrf_delay_ms.part.0
                0x0000000000000e04       0x1c CMakeFiles/pinetime-recovery-loader.dir/drivers/St7789.cpp.o
 .text._ZN8Pinetime7Drivers6St7789C2ERNS0_3SpiEh
                0x0000000000000e20        0xa CMakeFiles/pinetime-recovery-loader.dir/drivers/St7789.cpp.o
                0x0000000000000e20                Pinetime::Drivers::St7789::St7789(Pinetime::Drivers::Spi&, unsigned char)
                0x0000000000000e20                Pinetime::Drivers::St7789::St7789(Pinetime::Drivers::Spi&, unsigned char)
 .text._ZN8Pinetime7Drivers6St77898WriteSpiEPKhj
                0x0000000000000e2a        0x6 CMakeFiles/pinetime-recovery-loader.dir/drivers/St7789.cpp.o
                0x0000000000000e2a                Pinetime::Drivers::St7789::WriteSpi(unsigned char const*, unsigned int)
 .text._ZN8Pinetime7Drivers6St778912WriteCommandEh
                0x0000000000000e30       0x24 CMakeFiles/pinetime-recovery-loader.dir/drivers/St7789.cpp.o
                0x0000000000000e30                Pinetime::Drivers::St7789::WriteCommand(unsigned char)
 .text._ZN8Pinetime7Drivers6St77899WriteDataEh
                0x0000000000000e54       0x24 CMakeFiles/pinetime-recovery-loader.dir/drivers/St7789.cpp.o
                0x0000000000000e54                Pinetime::Drivers::St7789::WriteData(unsigned char)
 .text._ZN8Pinetime7Drivers6St778913SoftwareResetEv
                0x0000000000000e78       0x12 CMakeFiles/pinetime-recovery-loader.dir/drivers/St7789.cpp.o
                0x0000000000000e78                Pinetime::Drivers::St7789::SoftwareReset()
 .text._ZN8Pinetime7Drivers6St77898SleepOutEv
                0x0000000000000e8a        0x6 CMakeFiles/pinetime-recovery-loader.dir/drivers/St7789.cpp.o
                0x0000000000000e8a                Pinetime::Drivers::St7789::SleepOut()
 .text._ZN8Pinetime7Drivers6St77896ColModEv
                0x0000000000000e90       0x1c CMakeFiles/pinetime-recovery-loader.dir/drivers/St7789.cpp.o
                0x0000000000000e90                Pinetime::Drivers::St7789::ColMod()
 .text._ZN8Pinetime7Drivers6St778923MemoryDataAccessControlEv
                0x0000000000000eac       0x16 CMakeFiles/pinetime-recovery-loader.dir/drivers/St7789.cpp.o
                0x0000000000000eac                Pinetime::Drivers::St7789::MemoryDataAccessControl()
 .text._ZN8Pinetime7Drivers6St778916ColumnAddressSetEv
                0x0000000000000ec2       0x2e CMakeFiles/pinetime-recovery-loader.dir/drivers/St7789.cpp.o
                0x0000000000000ec2                Pinetime::Drivers::St7789::ColumnAddressSet()
 .text._ZN8Pinetime7Drivers6St778913RowAddressSetEv
                0x0000000000000ef0       0x2e CMakeFiles/pinetime-recovery-loader.dir/drivers/St7789.cpp.o
                0x0000000000000ef0                Pinetime::Drivers::St7789::RowAddressSet()
 .text._ZN8Pinetime7Drivers6St778918DisplayInversionOnEv
                0x0000000000000f1e       0x12 CMakeFiles/pinetime-recovery-loader.dir/drivers/St7789.cpp.o
                0x0000000000000f1e                Pinetime::Drivers::St7789::DisplayInversionOn()
 .text._ZN8Pinetime7Drivers6St778912NormalModeOnEv
                0x0000000000000f30       0x12 CMakeFiles/pinetime-recovery-loader.dir/drivers/St7789.cpp.o
                0x0000000000000f30                Pinetime::Drivers::St7789::NormalModeOn()
 .text._ZN8Pinetime7Drivers6St77899DisplayOnEv
                0x0000000000000f42        0x6 CMakeFiles/pinetime-recovery-loader.dir/drivers/St7789.cpp.o
                0x0000000000000f42                Pinetime::Drivers::St7789::DisplayOn()
 .text._ZN8Pinetime7Drivers6St778910WriteToRamEv
                0x0000000000000f48        0x6 CMakeFiles/pinetime-recovery-loader.dir/drivers/St7789.cpp.o
                0x0000000000000f48                Pinetime::Drivers::St7789::WriteToRam()
 .text._ZN8Pinetime7Drivers6St778913SetAddrWindowEtttt
                0x0000000000000f4e       0x6c CMakeFiles/pinetime-recovery-loader.dir/drivers/St7789.cpp.o
                0x0000000000000f4e                Pinetime::Drivers::St7789::SetAddrWindow(unsigned short, unsigned short, unsigned short, unsigned short)
 .text._ZN8Pinetime7Drivers6St778910DrawBufferEttttPKhj
                0x0000000000000fba       0x3c CMakeFiles/pinetime-recovery-loader.dir/drivers/St7789.cpp.o
                0x0000000000000fba                Pinetime::Drivers::St7789::DrawBuffer(unsigned short, unsigned short, unsigned short, unsigned short, unsigned char const*, unsigned int)
 .text._ZN8Pinetime7Drivers6St778913HardwareResetEv
                0x0000000000000ff6       0x1a CMakeFiles/pinetime-recovery-loader.dir/drivers/St7789.cpp.o
                0x0000000000000ff6                Pinetime::Drivers::St7789::HardwareReset()
 .text._ZN8Pinetime7Drivers6St77894InitEv
                0x0000000000001010       0x66 CMakeFiles/pinetime-recovery-loader.dir/drivers/St7789.cpp.o
                0x0000000000001010                Pinetime::Drivers::St7789::Init()
 .text._ZN8Pinetime11Controllers20BrightnessController3SetENS1_6LevelsE
                0x0000000000001076       0x58 CMakeFiles/pinetime-recovery-loader.dir/components/brightness/BrightnessController.cpp.o
                0x0000000000001076                Pinetime::Controllers::BrightnessController::Set(Pinetime::Controllers::BrightnessController::Levels)
 .text._ZN8Pinetime11Controllers20BrightnessController4InitEv
                0x00000000000010ce       0x18 CMakeFiles/pinetime-recovery-loader.dir/components/brightness/BrightnessController.cpp.o
                0x00000000000010ce                Pinetime::Controllers::BrightnessController::Init()
 .text.vApplicationIdleHook
                0x00000000000010e6        0x2 CMakeFiles/pinetime-recovery-loader.dir/recoveryLoader.cpp.o
                0x00000000000010e6                vApplicationIdleHook
 .text.SPIM0_SPIS0_TWIM0_TWIS0_SPI0_TWI0_IRQHandler
                0x00000000000010e8       0x60 CMakeFiles/pinetime-recovery-loader.dir/recoveryLoader.cpp.o
                0x00000000000010e8                SPIM0_SPIS0_TWIM0_TWIS0_SPI0_TWI0_IRQHandler
 .text._Z11DisplayLogov
                0x0000000000001148       0x58 CMakeFiles/pinetime-recovery-loader.dir/recoveryLoader.cpp.o
                0x0000000000001148                DisplayLogo()
 .text._Z18DisplayProgressBarht
                0x00000000000011a0       0x84 CMakeFiles/pinetime-recovery-loader.dir/recoveryLoader.cpp.o
                0x00000000000011a0                DisplayProgressBar(unsigned char, unsigned short)
 .text._Z7ProcessPv
                0x0000000000001224       0xf4 CMakeFiles/pinetime-recovery-loader.dir/recoveryLoader.cpp.o
                0x0000000000001224                Process(void*)
 .text.startup.main
                0x0000000000001318       0x48 CMakeFiles/pinetime-recovery-loader.dir/recoveryLoader.cpp.o
                0x0000000000001318                main
 .text.startup._GLOBAL__sub_I_logger
                0x0000000000001360       0x70 CMakeFiles/pinetime-recovery-loader.dir/recoveryLoader.cpp.o
 .text          0x00000000000013d0       0x3c libnrf-sdk.a(gcc_startup_nrf52.S.o)
                0x00000000000013d0                Reset_Handler
                0x00000000000013f8                NMI_Handler
                0x00000000000013fa                HardFault_Handler
                0x00000000000013fc                MemoryManagement_Handler
                0x00000000000013fe                BusFault_Handler
                0x0000000000001400                UsageFault_Handler
                0x0000000000001404                DebugMon_Handler
                0x0000000000001408                SysTick_Handler
                0x000000000000140a                TIMER2_IRQHandler
                0x000000000000140a                RTC0_IRQHandler
                0x000000000000140a                SWI0_EGU0_IRQHandler
                0x000000000000140a                SWI2_EGU2_IRQHandler
                0x000000000000140a                PWM1_IRQHandler
                0x000000000000140a                RADIO_IRQHandler
                0x000000000000140a                PDM_IRQHandler
                0x000000000000140a                TEMP_IRQHandler
                0x000000000000140a                QDEC_IRQHandler
                0x000000000000140a                TIMER3_IRQHandler
                0x000000000000140a                FPU_IRQHandler
                0x000000000000140a                UARTE0_UART0_IRQHandler
                0x000000000000140a                TIMER4_IRQHandler
                0x000000000000140a                I2S_IRQHandler
                0x000000000000140a                SWI4_EGU4_IRQHandler
                0x000000000000140a                TIMER0_IRQHandler
                0x000000000000140a                TIMER1_IRQHandler
                0x000000000000140a                PWM2_IRQHandler
                0x000000000000140a                ECB_IRQHandler
                0x000000000000140a                SPIM1_SPIS1_TWIM1_TWIS1_SPI1_TWI1_IRQHandler
                0x000000000000140a                Default_Handler
                0x000000000000140a                SAADC_IRQHandler
                0x000000000000140a                CCM_AAR_IRQHandler
                0x000000000000140a                WDT_IRQHandler
                0x000000000000140a                SWI5_EGU5_IRQHandler
                0x000000000000140a                RNG_IRQHandler
                0x000000000000140a                RTC2_IRQHandler
                0x000000000000140a                PWM0_IRQHandler
                0x000000000000140a                SWI3_EGU3_IRQHandler
                0x000000000000140a                SWI1_EGU1_IRQHandler
                0x000000000000140a                SPIM2_SPIS2_SPI2_IRQHandler
                0x000000000000140a                NFCT_IRQHandler
                0x000000000000140a                MWU_IRQHandler
                0x000000000000140a                COMP_LPCOMP_IRQHandler
 .text.clock_clk_started_notify
                0x000000000000140c       0x24 libnrf-sdk.a(nrf_drv_clock.c.o)
 .text.clock_irq_handler
                0x0000000000001430       0x1c libnrf-sdk.a(nrf_drv_clock.c.o)
 .text.nrf_drv_clock_init
                0x000000000000144c       0x30 libnrf-sdk.a(nrf_drv_clock.c.o)
                0x000000000000144c                nrf_drv_clock_init
 .text.nrf_drv_clock_lfclk_request
                0x000000000000147c       0x54 libnrf-sdk.a(nrf_drv_clock.c.o)
                0x000000000000147c                nrf_drv_clock_lfclk_request
 .text.nrfx_clock_init
                0x00000000000014d0       0x18 libnrf-sdk.a(nrfx_clock.c.o)
                0x00000000000014d0                nrfx_clock_init
 .text.nrfx_clock_enable
                0x00000000000014e8       0x24 libnrf-sdk.a(nrfx_clock.c.o)
                0x00000000000014e8                nrfx_clock_enable
 .text.nrfx_clock_lfclk_start
                0x000000000000150c       0x58 libnrf-sdk.a(nrfx_clock.c.o)
                0x000000000000150c                nrfx_clock_lfclk_start
 .text.POWER_CLOCK_IRQHandler
                0x0000000000001564       0x64 libnrf-sdk.a(nrfx_clock.c.o)
                0x0000000000001564                POWER_CLOCK_IRQHandler
 .text.prvIsQueueEmpty
                0x00000000000015c8       0x16 libnrf-sdk.a(queue.c.o)
 .text.prvCopyDataToQueue
                0x00000000000015de       0x6a libnrf-sdk.a(queue.c.o)
 .text.prvCopyDataFromQueue
                0x0000000000001648       0x2c libnrf-sdk.a(queue.c.o)
 .text.prvUnlockQueue
                0x0000000000001674       0x70 libnrf-sdk.a(queue.c.o)
 .text.xQueueGenericReset
                0x00000000000016e4       0x6c libnrf-sdk.a(queue.c.o)
                0x00000000000016e4                xQueueGenericReset
 .text.xQueueGenericCreate
                0x0000000000001750       0x34 libnrf-sdk.a(queue.c.o)
                0x0000000000001750                xQueueGenericCreate
 .text.xQueueGenericSend
                0x0000000000001784      0x108 libnrf-sdk.a(queue.c.o)
                0x0000000000001784                xQueueGenericSend
 .text.xQueueGenericSendFromISR
                0x000000000000188c       0x6c libnrf-sdk.a(queue.c.o)
                0x000000000000188c                xQueueGenericSendFromISR
 .text.xQueueGiveFromISR
                0x00000000000018f8       0x56 libnrf-sdk.a(queue.c.o)
                0x00000000000018f8                xQueueGiveFromISR
 *fill*         0x000000000000194e        0x2 
 .text.xQueueReceive
                0x0000000000001950       0xf4 libnrf-sdk.a(queue.c.o)
                0x0000000000001950                xQueueReceive
 .text.xQueueSemaphoreTake
                0x0000000000001a44      0x12c libnrf-sdk.a(queue.c.o)
                0x0000000000001a44                xQueueSemaphoreTake
 .text.vQueueAddToRegistry
                0x0000000000001b70       0x1c libnrf-sdk.a(queue.c.o)
                0x0000000000001b70                vQueueAddToRegistry
 .text.vQueueWaitForMessageRestricted
                0x0000000000001b8c       0x46 libnrf-sdk.a(queue.c.o)
                0x0000000000001b8c                vQueueWaitForMessageRestricted
 *fill*         0x0000000000001bd2        0x2 
 .text.prvGetExpectedIdleTime
                0x0000000000001bd4       0x3c libnrf-sdk.a(tasks.c.o)
 .text.prvResetNextTaskUnblockTime
                0x0000000000001c10       0x24 libnrf-sdk.a(tasks.c.o)
 .text.prvAddCurrentTaskToDelayedList
                0x0000000000001c34       0x8c libnrf-sdk.a(tasks.c.o)
 .text.xTaskCreate
                0x0000000000001cc0      0x1b4 libnrf-sdk.a(tasks.c.o)
                0x0000000000001cc0                xTaskCreate
 .text.vTaskStartScheduler
                0x0000000000001e74       0x5c libnrf-sdk.a(tasks.c.o)
                0x0000000000001e74                vTaskStartScheduler
 .text.vTaskSuspendAll
                0x0000000000001ed0       0x10 libnrf-sdk.a(tasks.c.o)
                0x0000000000001ed0                vTaskSuspendAll
 .text.xTaskGetTickCount
                0x0000000000001ee0        0xc libnrf-sdk.a(tasks.c.o)
                0x0000000000001ee0                xTaskGetTickCount
 .text.vTaskStepTick
                0x0000000000001eec       0x10 libnrf-sdk.a(tasks.c.o)
                0x0000000000001eec                vTaskStepTick
 .text.xTaskIncrementTick
                0x0000000000001efc       0xf0 libnrf-sdk.a(tasks.c.o)
                0x0000000000001efc                xTaskIncrementTick
 .text.xTaskResumeAll
                0x0000000000001fec       0xdc libnrf-sdk.a(tasks.c.o)
                0x0000000000001fec                xTaskResumeAll
 .text.vTaskDelay
                0x00000000000020c8       0x30 libnrf-sdk.a(tasks.c.o)
                0x00000000000020c8                vTaskDelay
 .text.prvIdleTask
                0x00000000000020f8       0x88 libnrf-sdk.a(tasks.c.o)
 .text.vTaskSwitchContext
                0x0000000000002180       0x5c libnrf-sdk.a(tasks.c.o)
                0x0000000000002180                vTaskSwitchContext
 .text.vTaskPlaceOnEventList
                0x00000000000021dc       0x20 libnrf-sdk.a(tasks.c.o)
                0x00000000000021dc                vTaskPlaceOnEventList
 .text.vTaskPlaceOnEventListRestricted
                0x00000000000021fc       0x28 libnrf-sdk.a(tasks.c.o)
                0x00000000000021fc                vTaskPlaceOnEventListRestricted
 .text.xTaskRemoveFromEventList
                0x0000000000002224       0x78 libnrf-sdk.a(tasks.c.o)
                0x0000000000002224                xTaskRemoveFromEventList
 .text.vTaskInternalSetTimeOutState
                0x000000000000229c       0x18 libnrf-sdk.a(tasks.c.o)
                0x000000000000229c                vTaskInternalSetTimeOutState
 .text.xTaskCheckForTimeOut
                0x00000000000022b4       0x50 libnrf-sdk.a(tasks.c.o)
                0x00000000000022b4                xTaskCheckForTimeOut
 .text.vTaskMissedYield
                0x0000000000002304        0xc libnrf-sdk.a(tasks.c.o)
                0x0000000000002304                vTaskMissedYield
 .text.eTaskConfirmSleepModeStatus
                0x0000000000002310       0x34 libnrf-sdk.a(tasks.c.o)
                0x0000000000002310                eTaskConfirmSleepModeStatus
 .text.xTaskGetCurrentTaskHandle
                0x0000000000002344        0xc libnrf-sdk.a(tasks.c.o)
                0x0000000000002344                xTaskGetCurrentTaskHandle
 .text.xTaskGetSchedulerState
                0x0000000000002350       0x20 libnrf-sdk.a(tasks.c.o)
                0x0000000000002350                xTaskGetSchedulerState
 .text.xTaskPriorityInherit
                0x0000000000002370       0xac libnrf-sdk.a(tasks.c.o)
                0x0000000000002370                xTaskPriorityInherit
 .text.xTaskPriorityDisinherit
                0x000000000000241c       0x74 libnrf-sdk.a(tasks.c.o)
                0x000000000000241c                xTaskPriorityDisinherit
 .text.vTaskPriorityDisinheritAfterTimeout
                0x0000000000002490       0x88 libnrf-sdk.a(tasks.c.o)
                0x0000000000002490                vTaskPriorityDisinheritAfterTimeout
 .text.pvTaskIncrementMutexHeldCount
                0x0000000000002518       0x18 libnrf-sdk.a(tasks.c.o)
                0x0000000000002518                pvTaskIncrementMutexHeldCount
 .text.ulTaskNotifyTake
                0x0000000000002530       0x68 libnrf-sdk.a(tasks.c.o)
                0x0000000000002530                ulTaskNotifyTake
 .text.vTaskNotifyGiveFromISR
                0x0000000000002598       0x94 libnrf-sdk.a(tasks.c.o)
                0x0000000000002598                vTaskNotifyGiveFromISR
 .text.prvCheckForValidListAndQueue
                0x000000000000262c       0x58 libnrf-sdk.a(timers.c.o)
 .text.prvInsertTimerInActiveList
                0x0000000000002684       0x3c libnrf-sdk.a(timers.c.o)
 .text.xTimerCreateTimerTask
                0x00000000000026c0       0x38 libnrf-sdk.a(timers.c.o)
                0x00000000000026c0                xTimerCreateTimerTask
 .text.xTimerGenericCommand
                0x00000000000026f8       0x44 libnrf-sdk.a(timers.c.o)
                0x00000000000026f8                xTimerGenericCommand
 .text.prvSwitchTimerLists
                0x000000000000273c       0x64 libnrf-sdk.a(timers.c.o)
 .text.prvTimerTask
                0x00000000000027a0      0x1a8 libnrf-sdk.a(timers.c.o)
 .text.app_error_handler_bare
                0x0000000000002948       0x1a libnrf-sdk.a(app_error.c.o)
                0x0000000000002948                app_error_handler_bare
 *fill*         0x0000000000002962        0x2 
 .text.app_error_fault_handler
                0x0000000000002964       0x34 libnrf-sdk.a(app_error_weak.c.o)
                0x0000000000002964                app_error_fault_handler
 .text.app_util_disable_irq
                0x0000000000002998       0x10 libnrf-sdk.a(app_util_platform.c.o)
                0x0000000000002998                app_util_disable_irq
 .text.app_util_enable_irq
                0x00000000000029a8       0x14 libnrf-sdk.a(app_util_platform.c.o)
                0x00000000000029a8                app_util_enable_irq
 .text.app_util_critical_region_enter
                0x00000000000029bc        0x4 libnrf-sdk.a(app_util_platform.c.o)
                0x00000000000029bc                app_util_critical_region_enter
 .text.app_util_critical_region_exit
                0x00000000000029c0        0x4 libnrf-sdk.a(app_util_platform.c.o)
                0x00000000000029c0                app_util_critical_region_exit
 .text.app_gpiote_init
                0x00000000000029c4       0x54 libnrf-sdk.a(app_gpiote.c.o)
                0x00000000000029c4                app_gpiote_init
 .text.errata_12
                0x0000000000002a18       0x40 libnrf-sdk.a(system_nrf52.c.o)
 .text.errata_16
                0x0000000000002a58       0x34 libnrf-sdk.a(system_nrf52.c.o)
 .text.SystemInit
                0x0000000000002a8c      0x25c libnrf-sdk.a(system_nrf52.c.o)
                0x0000000000002a8c                SystemInit
 .text.nrf_gpiote_event_clear
                0x0000000000002ce8       0x18 libnrf-sdk.a(nrfx_gpiote.c.o)
 .text.nrf_gpio_cfg_sense_set
                0x0000000000002d00       0x20 libnrf-sdk.a(nrfx_gpiote.c.o)
 .text.channel_free
                0x0000000000002d20       0x1c libnrf-sdk.a(nrfx_gpiote.c.o)
 .text.nrfx_gpiote_init
                0x0000000000002d3c       0x70 libnrf-sdk.a(nrfx_gpiote.c.o)
                0x0000000000002d3c                nrfx_gpiote_init
 .text.nrfx_gpiote_is_init
                0x0000000000002dac       0x14 libnrf-sdk.a(nrfx_gpiote.c.o)
                0x0000000000002dac                nrfx_gpiote_is_init
 .text.GPIOTE_IRQHandler
                0x0000000000002dc0      0x184 libnrf-sdk.a(nrfx_gpiote.c.o)
                0x0000000000002dc0                GPIOTE_IRQHandler
 .text.prvInsertBlockIntoFreeList
                0x0000000000002f44       0x48 libnrf-sdk.a(heap_4.c.o)
 .text.pvPortMalloc
                0x0000000000002f8c       0xec libnrf-sdk.a(heap_4.c.o)
                0x0000000000002f8c                pvPortMalloc
 .text.vPortFree
                0x0000000000003078       0x4c libnrf-sdk.a(heap_4.c.o)
                0x0000000000003078                vPortFree
 .text.vListInitialise
                0x00000000000030c4       0x16 libnrf-sdk.a(list.c.o)
                0x00000000000030c4                vListInitialise
 .text.vListInitialiseItem
                0x00000000000030da        0x6 libnrf-sdk.a(list.c.o)
                0x00000000000030da                vListInitialiseItem
 .text.vListInsertEnd
                0x00000000000030e0       0x16 libnrf-sdk.a(list.c.o)
                0x00000000000030e0                vListInsertEnd
 .text.vListInsert
                0x00000000000030f6       0x2e libnrf-sdk.a(list.c.o)
                0x00000000000030f6                vListInsert
 .text.uxListRemove
                0x0000000000003124       0x24 libnrf-sdk.a(list.c.o)
                0x0000000000003124                uxListRemove
 .text.exit     0x0000000000003148       0x28 /opt/gcc-arm-none-eabi-9-2020-q2-update/bin/../lib/gcc/arm-none-eabi/9.3.1/../../../../arm-none-eabi/lib/thumb/v7e-m+fp/hard/libc_nano.a(lib_a-exit.o)
                0x0000000000003148                exit
 .text.__libc_init_array
                0x0000000000003170       0x48 /opt/gcc-arm-none-eabi-9-2020-q2-update/bin/../lib/gcc/arm-none-eabi/9.3.1/../../../../arm-none-eabi/lib/thumb/v7e-m+fp/hard/libc_nano.a(lib_a-init.o)
                0x0000000000003170                __libc_init_array
 .text.memcpy   0x00000000000031b8       0x1c /opt/gcc-arm-none-eabi-9-2020-q2-update/bin/../lib/gcc/arm-none-eabi/9.3.1/../../../../arm-none-eabi/lib/thumb/v7e-m+fp/hard/libc_nano.a(lib_a-memcpy-stub.o)
                0x00000000000031b8                memcpy
 .text.memset   0x00000000000031d4       0x10 /opt/gcc-arm-none-eabi-9-2020-q2-update/bin/../lib/gcc/arm-none-eabi/9.3.1/../../../../arm-none-eabi/lib/thumb/v7e-m+fp/hard/libc_nano.a(lib_a-memset.o)
                0x00000000000031d4                memset
 .text._exit    0x00000000000031e4        0x4 /opt/gcc-arm-none-eabi-9-2020-q2-update/bin/../lib/gcc/arm-none-eabi/9.3.1/../../../../arm-none-eabi/lib/thumb/v7e-m+fp/hard/libnosys.a(_exit.o)
                0x00000000000031e4                _exit
 *(.init)
 .init          0x00000000000031e8        0x4 /opt/gcc-arm-none-eabi-9-2020-q2-update/bin/../lib/gcc/arm-none-eabi/9.3.1/thumb/v7e-m+fp/hard/crti.o
                0x00000000000031e8                _init
 .init          0x00000000000031ec        0x8 /opt/gcc-arm-none-eabi-9-2020-q2-update/bin/../lib/gcc/arm-none-eabi/9.3.1/thumb/v7e-m+fp/hard/crtn.o
 *(.fini)
 .fini          0x00000000000031f4        0x4 /opt/gcc-arm-none-eabi-9-2020-q2-update/bin/../lib/gcc/arm-none-eabi/9.3.1/thumb/v7e-m+fp/hard/crti.o
                0x00000000000031f4                _fini
 .fini          0x00000000000031f8        0x8 /opt/gcc-arm-none-eabi-9-2020-q2-update/bin/../lib/gcc/arm-none-eabi/9.3.1/thumb/v7e-m+fp/hard/crtn.o
 *crtbegin.o(.ctors)
 *crtbegin?.o(.ctors)
 *(EXCLUDE_FILE(*crtend.o *crtend?.o) .ctors)
 *(SORT_BY_NAME(.ctors.*))
 *(.ctors)
 *crtbegin.o(.dtors)
 *crtbegin?.o(.dtors)
 *(EXCLUDE_FILE(*crtend.o *crtend?.o) .dtors)
 *(SORT_BY_NAME(.dtors.*))
 *(.dtors)
 *(.rodata*)
 .rodata._ZTVN8Pinetime10Components3GfxE
                0x0000000000003200        0xc CMakeFiles/pinetime-recovery-loader.dir/components/gfx/Gfx.cpp.o
                0x0000000000003200                vtable for Pinetime::Components::Gfx
 *fill*         0x000000000000320c        0x4 
 .rodata._ZZ21nrfx_coredep_delay_usE18delay_machine_code
                0x0000000000003210        0x6 CMakeFiles/pinetime-recovery-loader.dir/drivers/St7789.cpp.o
 .rodata.main.str1.1
                0x0000000000003216        0x5 CMakeFiles/pinetime-recovery-loader.dir/recoveryLoader.cpp.o
 .rodata        0x000000000000321b        0x6 CMakeFiles/pinetime-recovery-loader.dir/recoveryLoader.cpp.o
 .rodata._ZL13infinitime_nb
                0x0000000000003221      0x5a5 CMakeFiles/pinetime-recovery-loader.dir/recoveryLoader.cpp.o
 .rodata._ZL13recoveryImage
                0x00000000000037c6    0x20020 CMakeFiles/pinetime-recovery-loader.dir/recoveryLoader.cpp.o
 .rodata.vTaskStartScheduler.str1.1
                0x00000000000237e6        0x5 libnrf-sdk.a(tasks.c.o)
 .rodata.prvCheckForValidListAndQueue.str1.1
                0x00000000000237eb        0x5 libnrf-sdk.a(timers.c.o)
 .rodata.xTimerCreateTimerTask.str1.1
                0x00000000000237f0        0x8 libnrf-sdk.a(timers.c.o)
 .rodata._global_impure_ptr
                0x00000000000237f8        0x4 /opt/gcc-arm-none-eabi-9-2020-q2-update/bin/../lib/gcc/arm-none-eabi/9.3.1/../../../../arm-none-eabi/lib/thumb/v7e-m+fp/hard/libc_nano.a(lib_a-impure.o)
                0x00000000000237f8                _global_impure_ptr
 *(.eh_frame*)
 .eh_frame      0x00000000000237fc        0x0 /opt/gcc-arm-none-eabi-9-2020-q2-update/bin/../lib/gcc/arm-none-eabi/9.3.1/thumb/v7e-m+fp/hard/crtbegin.o
 .eh_frame      0x00000000000237fc        0x4 /opt/gcc-arm-none-eabi-9-2020-q2-update/bin/../lib/gcc/arm-none-eabi/9.3.1/thumb/v7e-m+fp/hard/crtend.o

.glue_7         0x0000000000023800        0x0
 .glue_7        0x0000000000023800        0x0 linker stubs

.glue_7t        0x0000000000023800        0x0
 .glue_7t       0x0000000000023800        0x0 linker stubs

.vfp11_veneer   0x0000000000023800        0x0
 .vfp11_veneer  0x0000000000023800        0x0 linker stubs

.v4_bx          0x0000000000023800        0x0
 .v4_bx         0x0000000000023800        0x0 linker stubs

.iplt           0x0000000000023800        0x0
 .iplt          0x0000000000023800        0x0 /opt/gcc-arm-none-eabi-9-2020-q2-update/bin/../lib/gcc/arm-none-eabi/9.3.1/thumb/v7e-m+fp/hard/crtbegin.o

.mem_section_dummy_rom

.sdh_soc_observers
                0x0000000000023800        0x0
                [!provide]                        PROVIDE (__start_sdh_soc_observers = .)
 *(SORT_BY_NAME(.sdh_soc_observers*))
                [!provide]                        PROVIDE (__stop_sdh_soc_observers = .)

.sdh_ble_observers
                0x0000000000023800        0x0
                [!provide]                        PROVIDE (__start_sdh_ble_observers = .)
 *(SORT_BY_NAME(.sdh_ble_observers*))
                [!provide]                        PROVIDE (__stop_sdh_ble_observers = .)

.sdh_req_observers
                0x0000000000023800        0x0
                [!provide]                        PROVIDE (__start_sdh_req_observers = .)
 *(SORT_BY_NAME(.sdh_req_observers*))
                [!provide]                        PROVIDE (__stop_sdh_req_observers = .)

.sdh_state_observers
                0x0000000000023800        0x0
                [!provide]                        PROVIDE (__start_sdh_state_observers = .)
 *(SORT_BY_NAME(.sdh_state_observers*))
                [!provide]                        PROVIDE (__stop_sdh_state_observers = .)

.sdh_stack_observers
                0x0000000000023800        0x0
                [!provide]                        PROVIDE (__start_sdh_stack_observers = .)
 *(SORT_BY_NAME(.sdh_stack_observers*))
                [!provide]                        PROVIDE (__stop_sdh_stack_observers = .)

.nrf_queue      0x0000000000023800        0x0
                [!provide]                        PROVIDE (__start_nrf_queue = .)
 *(.nrf_queue)
                [!provide]                        PROVIDE (__stop_nrf_queue = .)

.nrf_balloc     0x0000000000023800        0x0
                [!provide]                        PROVIDE (__start_nrf_balloc = .)
 *(.nrf_balloc)
                [!provide]                        PROVIDE (__stop_nrf_balloc = .)
                [!provide]                        PROVIDE (__start_nrf_balloc = .)
 *(.nrf_balloc)
                [!provide]                        PROVIDE (__stop_nrf_balloc = .)

.cli_command    0x0000000000023800        0x0
                [!provide]                        PROVIDE (__start_cli_command = .)
 *(.cli_command)
                [!provide]                        PROVIDE (__stop_cli_command = .)

.crypto_data    0x0000000000023800        0x0
                [!provide]                        PROVIDE (__start_crypto_data = .)
 *(SORT_BY_NAME(.crypto_data*))
                [!provide]                        PROVIDE (__stop_crypto_data = .)

.pwr_mgmt_data  0x0000000000023800        0x0
                [!provide]                        PROVIDE (__start_pwr_mgmt_data = .)
 *(SORT_BY_NAME(.pwr_mgmt_data*))
                [!provide]                        PROVIDE (__stop_pwr_mgmt_data = .)

.log_const_data
                0x0000000000023800        0x0
                [!provide]                        PROVIDE (__start_log_const_data = .)
 *(SORT_BY_NAME(.log_const_data*))
                [!provide]                        PROVIDE (__stop_log_const_data = .)

.log_backends   0x0000000000023800        0x0
                [!provide]                        PROVIDE (__start_log_backends = .)
 *(SORT_BY_NAME(.log_backends*))
                [!provide]                        PROVIDE (__stop_log_backends = .)

.ARM.extab
 *(.ARM.extab* .gnu.linkonce.armextab.*)
                0x0000000000023800                __exidx_start = .

.ARM.exidx      0x0000000000023800        0x8
 *(.ARM.exidx* .gnu.linkonce.armexidx.*)
 .ARM.exidx     0x0000000000023800        0x8 /opt/gcc-arm-none-eabi-9-2020-q2-update/bin/../lib/gcc/arm-none-eabi/9.3.1/../../../../arm-none-eabi/lib/thumb/v7e-m+fp/hard/crt0.o
                                         0x10 (size before relaxing)
                0x0000000000023808                __exidx_end = .
                0x0000000000023808                __etext = .

.rel.dyn        0x0000000000023808        0x0
 .rel.iplt      0x0000000000023808        0x0 /opt/gcc-arm-none-eabi-9-2020-q2-update/bin/../lib/gcc/arm-none-eabi/9.3.1/thumb/v7e-m+fp/hard/crtbegin.o

.data           0x0000000020000000       0x78 load address 0x0000000000023808
                0x0000000020000000                __data_start__ = .
 *(vtable)
 *(.data*)
 .data.brightnessController
                0x0000000020000000        0x8 CMakeFiles/pinetime-recovery-loader.dir/recoveryLoader.cpp.o
                0x0000000020000000                brightnessController
 .data.SystemCoreClock
                0x0000000020000008        0x4 libnrf-sdk.a(system_nrf52.c.o)
                0x0000000020000008                SystemCoreClock
 .data.impure_data
                0x000000002000000c       0x60 /opt/gcc-arm-none-eabi-9-2020-q2-update/bin/../lib/gcc/arm-none-eabi/9.3.1/../../../../arm-none-eabi/lib/thumb/v7e-m+fp/hard/libc_nano.a(lib_a-impure.o)
                0x000000002000006c                . = ALIGN (0x4)
                0x000000002000006c                PROVIDE (__preinit_array_start = .)
 *(.preinit_array)
                0x000000002000006c                PROVIDE (__preinit_array_end = .)
                0x000000002000006c                . = ALIGN (0x4)
                0x000000002000006c                PROVIDE (__init_array_start = .)
 *(SORT_BY_NAME(.init_array.*))
 *(.init_array)
 .init_array    0x000000002000006c        0x4 /opt/gcc-arm-none-eabi-9-2020-q2-update/bin/../lib/gcc/arm-none-eabi/9.3.1/thumb/v7e-m+fp/hard/crtbegin.o
 .init_array    0x0000000020000070        0x4 CMakeFiles/pinetime-recovery-loader.dir/recoveryLoader.cpp.o
                0x0000000020000074                PROVIDE (__init_array_end = .)
                0x0000000020000074                . = ALIGN (0x4)
                [!provide]                        PROVIDE (__fini_array_start = .)
 *(SORT_BY_NAME(.fini_array.*))
 *(.fini_array)
 .fini_array    0x0000000020000074        0x4 /opt/gcc-arm-none-eabi-9-2020-q2-update/bin/../lib/gcc/arm-none-eabi/9.3.1/thumb/v7e-m+fp/hard/crtbegin.o
                [!provide]                        PROVIDE (__fini_array_end = .)
 *(.jcr*)
                0x0000000020000078                . = ALIGN (0x4)
                0x0000000020000078                __data_end__ = .
LOAD /opt/gcc-arm-none-eabi-9-2020-q2-update/bin/../lib/gcc/arm-none-eabi/9.3.1/thumb/v7e-m+fp/hard/crti.o
LOAD /opt/gcc-arm-none-eabi-9-2020-q2-update/bin/../lib/gcc/arm-none-eabi/9.3.1/thumb/v7e-m+fp/hard/crtbegin.o
LOAD /opt/gcc-arm-none-eabi-9-2020-q2-update/bin/../lib/gcc/arm-none-eabi/9.3.1/../../../../arm-none-eabi/lib/thumb/v7e-m+fp/hard/crt0.o
LOAD /opt/gcc-arm-none-eabi-9-2020-q2-update/bin/../lib/gcc/arm-none-eabi/9.3.1/../../../../arm-none-eabi/lib/thumb/v7e-m+fp/hard/libnosys.a
LOAD CMakeFiles/pinetime-recovery-loader.dir/FreeRTOS/port.c.o
LOAD CMakeFiles/pinetime-recovery-loader.dir/FreeRTOS/port_cmsis_systick.c.o
LOAD CMakeFiles/pinetime-recovery-loader.dir/FreeRTOS/port_cmsis.c.o
LOAD CMakeFiles/pinetime-recovery-loader.dir/drivers/SpiNorFlash.cpp.o
LOAD CMakeFiles/pinetime-recovery-loader.dir/drivers/SpiMaster.cpp.o
LOAD CMakeFiles/pinetime-recovery-loader.dir/drivers/Spi.cpp.o
LOAD CMakeFiles/pinetime-recovery-loader.dir/logging/NrfLogger.cpp.o
LOAD CMakeFiles/pinetime-recovery-loader.dir/components/rle/RleDecoder.cpp.o
LOAD CMakeFiles/pinetime-recovery-loader.dir/components/gfx/Gfx.cpp.o
LOAD CMakeFiles/pinetime-recovery-loader.dir/drivers/St7789.cpp.o
LOAD CMakeFiles/pinetime-recovery-loader.dir/components/brightness/BrightnessController.cpp.o
LOAD CMakeFiles/pinetime-recovery-loader.dir/displayapp/icons/infinitime/infinitime-nb.c.o
LOAD CMakeFiles/pinetime-recovery-loader.dir/recoveryLoader.cpp.o
LOAD libnrf-sdk.a
LOAD /opt/gcc-arm-none-eabi-9-2020-q2-update/bin/../lib/gcc/arm-none-eabi/9.3.1/../../../../arm-none-eabi/lib/thumb/v7e-m+fp/hard/libstdc++_nano.a
LOAD /opt/gcc-arm-none-eabi-9-2020-q2-update/bin/../lib/gcc/arm-none-eabi/9.3.1/../../../../arm-none-eabi/lib/thumb/v7e-m+fp/hard/libm.a
LOAD /opt/gcc-arm-none-eabi-9-2020-q2-update/bin/../lib/gcc/arm-none-eabi/9.3.1/../../../../arm-none-eabi/lib/thumb/v7e-m+fp/hard/libc_nano.a
START GROUP
LOAD /opt/gcc-arm-none-eabi-9-2020-q2-update/bin/../lib/gcc/arm-none-eabi/9.3.1/thumb/v7e-m+fp/hard/libgcc.a
LOAD /opt/gcc-arm-none-eabi-9-2020-q2-update/bin/../lib/gcc/arm-none-eabi/9.3.1/../../../../arm-none-eabi/lib/thumb/v7e-m+fp/hard/libc_nano.a
END GROUP
START GROUP
LOAD /opt/gcc-arm-none-eabi-9-2020-q2-update/bin/../lib/gcc/arm-none-eabi/9.3.1/thumb/v7e-m+fp/hard/libgcc.a
LOAD /opt/gcc-arm-none-eabi-9-2020-q2-update/bin/../lib/gcc/arm-none-eabi/9.3.1/../../../../arm-none-eabi/lib/thumb/v7e-m+fp/hard/libc_nano.a
END GROUP
LOAD /opt/gcc-arm-none-eabi-9-2020-q2-update/bin/../lib/gcc/arm-none-eabi/9.3.1/thumb/v7e-m+fp/hard/crtend.o
LOAD /opt/gcc-arm-none-eabi-9-2020-q2-update/bin/../lib/gcc/arm-none-eabi/9.3.1/thumb/v7e-m+fp/hard/crtn.o
START GROUP
LOAD /opt/gcc-arm-none-eabi-9-2020-q2-update/bin/../lib/gcc/arm-none-eabi/9.3.1/thumb/v7e-m+fp/hard/libgcc.a
LOAD /opt/gcc-arm-none-eabi-9-2020-q2-update/bin/../lib/gcc/arm-none-eabi/9.3.1/../../../../arm-none-eabi/lib/thumb/v7e-m+fp/hard/libc.a
LOAD /opt/gcc-arm-none-eabi-9-2020-q2-update/bin/../lib/gcc/arm-none-eabi/9.3.1/../../../../arm-none-eabi/lib/thumb/v7e-m+fp/hard/libnosys.a
END GROUP

.igot.plt       0x0000000020000078        0x0 load address 0x0000000000023880
 .igot.plt      0x0000000020000078        0x0 /opt/gcc-arm-none-eabi-9-2020-q2-update/bin/../lib/gcc/arm-none-eabi/9.3.1/thumb/v7e-m+fp/hard/crtbegin.o
                0x0000000020000078                . = ALIGN (0x4)

.mem_section_dummy_ram

.cli_sorted_cmd_ptrs
                0x0000000020000078        0x0
                [!provide]                        PROVIDE (__start_cli_sorted_cmd_ptrs = .)
 *(.cli_sorted_cmd_ptrs)
                [!provide]                        PROVIDE (__stop_cli_sorted_cmd_ptrs = .)

.fs_data        0x0000000020000078        0x0
                [!provide]                        PROVIDE (__start_fs_data = .)
 *(.fs_data)
                [!provide]                        PROVIDE (__stop_fs_data = .)

.log_dynamic_data
                0x0000000020000078        0x0
                [!provide]                        PROVIDE (__start_log_dynamic_data = .)
 *(SORT_BY_NAME(.log_dynamic_data*))
                [!provide]                        PROVIDE (__stop_log_dynamic_data = .)

.log_filter_data
                0x0000000020000078        0x0
                [!provide]                        PROVIDE (__start_log_filter_data = .)
 *(SORT_BY_NAME(.log_filter_data*))
                [!provide]                        PROVIDE (__stop_log_filter_data = .)

.bss            0x0000000020000078     0x4634 load address 0x0000000000023880
                0x0000000020000078                . = ALIGN (0x4)
                0x0000000020000078                __bss_start__ = .
 *(.bss*)
 .bss           0x0000000020000078       0x1c /opt/gcc-arm-none-eabi-9-2020-q2-update/bin/../lib/gcc/arm-none-eabi/9.3.1/thumb/v7e-m+fp/hard/crtbegin.o
 .bss.uxCriticalNesting
                0x0000000020000094        0x4 CMakeFiles/pinetime-recovery-loader.dir/FreeRTOS/port_cmsis.c.o
 .bss._ZZ7ProcessPvE14app_gpiote_buf
                0x0000000020000098       0x30 CMakeFiles/pinetime-recovery-loader.dir/recoveryLoader.cpp.o
 .bss.displayBuffer
                0x00000000200000c8      0x1e0 CMakeFiles/pinetime-recovery-loader.dir/recoveryLoader.cpp.o
                0x00000000200000c8                displayBuffer
 .bss.flashSpi  0x00000000200002a8        0x8 CMakeFiles/pinetime-recovery-loader.dir/recoveryLoader.cpp.o
                0x00000000200002a8                flashSpi
 .bss.gfx       0x00000000200002b0      0x200 CMakeFiles/pinetime-recovery-loader.dir/recoveryLoader.cpp.o
                0x00000000200002b0                gfx
 .bss.lcd       0x00000000200004b0        0x8 CMakeFiles/pinetime-recovery-loader.dir/recoveryLoader.cpp.o
                0x00000000200004b0                lcd
 .bss.lcdSpi    0x00000000200004b8        0x8 CMakeFiles/pinetime-recovery-loader.dir/recoveryLoader.cpp.o
                0x00000000200004b8                lcdSpi
 .bss.spi       0x00000000200004c0       0x1c CMakeFiles/pinetime-recovery-loader.dir/recoveryLoader.cpp.o
                0x00000000200004c0                spi
 .bss.spiNorFlash
                0x00000000200004dc        0x8 CMakeFiles/pinetime-recovery-loader.dir/recoveryLoader.cpp.o
                0x00000000200004dc                spiNorFlash
 .bss.m_clock_cb
                0x00000000200004e4       0x14 libnrf-sdk.a(nrf_drv_clock.c.o)
 .bss.m_clock_cb
                0x00000000200004f8        0x8 libnrf-sdk.a(nrfx_clock.c.o)
 .bss.pxCurrentTCB
                0x0000000020000500        0x4 libnrf-sdk.a(tasks.c.o)
                0x0000000020000500                pxCurrentTCB
 .bss.pxDelayedTaskList
                0x0000000020000504        0x4 libnrf-sdk.a(tasks.c.o)
 .bss.pxOverflowDelayedTaskList
                0x0000000020000508        0x4 libnrf-sdk.a(tasks.c.o)
 .bss.pxReadyTasksLists
                0x000000002000050c       0x3c libnrf-sdk.a(tasks.c.o)
 .bss.uxCurrentNumberOfTasks
                0x0000000020000548        0x4 libnrf-sdk.a(tasks.c.o)
 .bss.uxDeletedTasksWaitingCleanUp
                0x000000002000054c        0x4 libnrf-sdk.a(tasks.c.o)
 .bss.uxPendedTicks
                0x0000000020000550        0x4 libnrf-sdk.a(tasks.c.o)
 .bss.uxSchedulerSuspended
                0x0000000020000554        0x4 libnrf-sdk.a(tasks.c.o)
 .bss.uxTaskNumber
                0x0000000020000558        0x4 libnrf-sdk.a(tasks.c.o)
 .bss.uxTopReadyPriority
                0x000000002000055c        0x4 libnrf-sdk.a(tasks.c.o)
 .bss.xDelayedTaskList1
                0x0000000020000560       0x14 libnrf-sdk.a(tasks.c.o)
 .bss.xDelayedTaskList2
                0x0000000020000574       0x14 libnrf-sdk.a(tasks.c.o)
 .bss.xIdleTaskHandle
                0x0000000020000588        0x4 libnrf-sdk.a(tasks.c.o)
 .bss.xNextTaskUnblockTime
                0x000000002000058c        0x4 libnrf-sdk.a(tasks.c.o)
 .bss.xNumOfOverflows
                0x0000000020000590        0x4 libnrf-sdk.a(tasks.c.o)
 .bss.xPendingReadyList
                0x0000000020000594       0x14 libnrf-sdk.a(tasks.c.o)
 .bss.xSchedulerRunning
                0x00000000200005a8        0x4 libnrf-sdk.a(tasks.c.o)
 .bss.xSuspendedTaskList
                0x00000000200005ac       0x14 libnrf-sdk.a(tasks.c.o)
 .bss.xTasksWaitingTermination
                0x00000000200005c0       0x14 libnrf-sdk.a(tasks.c.o)
 .bss.xTickCount
                0x00000000200005d4        0x4 libnrf-sdk.a(tasks.c.o)
 .bss.xYieldPending
                0x00000000200005d8        0x4 libnrf-sdk.a(tasks.c.o)
 .bss.pxCurrentTimerList
                0x00000000200005dc        0x4 libnrf-sdk.a(timers.c.o)
 .bss.pxOverflowTimerList
                0x00000000200005e0        0x4 libnrf-sdk.a(timers.c.o)
 .bss.xActiveTimerList1
                0x00000000200005e4       0x14 libnrf-sdk.a(timers.c.o)
 .bss.xActiveTimerList2
                0x00000000200005f8       0x14 libnrf-sdk.a(timers.c.o)
 .bss.xLastTime.8871
                0x000000002000060c        0x4 libnrf-sdk.a(timers.c.o)
 .bss.xTimerQueue
                0x0000000020000610        0x4 libnrf-sdk.a(timers.c.o)
 .bss.xTimerTaskHandle
                0x0000000020000614        0x4 libnrf-sdk.a(timers.c.o)
 .bss.m_in_critical_region
                0x0000000020000618        0x4 libnrf-sdk.a(app_util_platform.c.o)
 .bss.m_pins    0x000000002000061c        0x4 libnrf-sdk.a(app_gpiote.c.o)
 .bss.m_user_array_size
                0x0000000020000620        0x1 libnrf-sdk.a(app_gpiote.c.o)
 .bss.m_user_count
                0x0000000020000621        0x1 libnrf-sdk.a(app_gpiote.c.o)
 *fill*         0x0000000020000622        0x2 
 .bss.mp_users  0x0000000020000624        0x4 libnrf-sdk.a(app_gpiote.c.o)
 .bss.m_cb      0x0000000020000628       0x5c libnrf-sdk.a(nrfx_gpiote.c.o)
 .bss.pxEnd     0x0000000020000684        0x4 libnrf-sdk.a(heap_4.c.o)
 .bss.ucHeap    0x0000000020000688     0x4000 libnrf-sdk.a(heap_4.c.o)
 .bss.xBlockAllocatedBit
                0x0000000020004688        0x4 libnrf-sdk.a(heap_4.c.o)
 .bss.xFreeBytesRemaining
                0x000000002000468c        0x4 libnrf-sdk.a(heap_4.c.o)
 .bss.xMinimumEverFreeBytesRemaining
                0x0000000020004690        0x4 libnrf-sdk.a(heap_4.c.o)
 .bss.xStart    0x0000000020004694        0x8 libnrf-sdk.a(heap_4.c.o)
 *(COMMON)
 COMMON         0x000000002000469c       0x10 libnrf-sdk.a(queue.c.o)
                0x000000002000469c                xQueueRegistry
                0x00000000200046ac                . = ALIGN (0x4)
                0x00000000200046ac                __bss_end__ = .

.heap           0x00000000200046b0     0x2000
                0x00000000200046b0                __HeapBase = .
                0x00000000200046b0                __end__ = .
                [!provide]                        PROVIDE (end = .)
 *(.heap*)
 .heap          0x00000000200046b0     0x2000 libnrf-sdk.a(gcc_startup_nrf52.S.o)
                0x00000000200066b0                __HeapLimit = .

.stack_dummy    0x00000000200046b0     0x2000
 *(.stack*)
 .stack         0x00000000200046b0     0x2000 libnrf-sdk.a(gcc_startup_nrf52.S.o)
                0x0000000020010000                __StackTop = (ORIGIN (RAM) + LENGTH (RAM))
                0x000000002000e000                __StackLimit = (__StackTop - SIZEOF (.stack_dummy))
                0x0000000020010000                PROVIDE (__stack = __StackTop)
                0x0000000000000001                ASSERT ((__StackLimit >= __HeapLimit), region RAM overflowed with stack)
                0x0000000000000078                DataInitFlashUsed = (__bss_start__ - __data_start__)
                0x0000000000023808                CodeFlashUsed = (__etext - ORIGIN (FLASH))
                0x0000000000023880                TotalFlashUsed = (CodeFlashUsed + DataInitFlashUsed)
                0x0000000000000001                ASSERT ((TotalFlashUsed <= LENGTH (FLASH)), region FLASH overflowed with .data and user data)
OUTPUT(pinetime-recovery-loader-1.1.0.out elf32-littlearm)
LOAD linker stubs

.ARM.attributes
                0x0000000000000000       0x30
 .ARM.attributes
                0x0000000000000000       0x1e /opt/gcc-arm-none-eabi-9-2020-q2-update/bin/../lib/gcc/arm-none-eabi/9.3.1/thumb/v7e-m+fp/hard/crti.o
 .ARM.attributes
                0x000000000000001e       0x34 /opt/gcc-arm-none-eabi-9-2020-q2-update/bin/../lib/gcc/arm-none-eabi/9.3.1/thumb/v7e-m+fp/hard/crtbegin.o
 .ARM.attributes
                0x0000000000000052       0x1c /opt/gcc-arm-none-eabi-9-2020-q2-update/bin/../lib/gcc/arm-none-eabi/9.3.1/../../../../arm-none-eabi/lib/thumb/v7e-m+fp/hard/crt0.o
 .ARM.attributes
                0x000000000000006e       0x34 CMakeFiles/pinetime-recovery-loader.dir/FreeRTOS/port.c.o
 .ARM.attributes
                0x00000000000000a2       0x34 CMakeFiles/pinetime-recovery-loader.dir/FreeRTOS/port_cmsis_systick.c.o
 .ARM.attributes
                0x00000000000000d6       0x34 CMakeFiles/pinetime-recovery-loader.dir/FreeRTOS/port_cmsis.c.o
 .ARM.attributes
                0x000000000000010a       0x34 CMakeFiles/pinetime-recovery-loader.dir/drivers/SpiNorFlash.cpp.o
 .ARM.attributes
                0x000000000000013e       0x34 CMakeFiles/pinetime-recovery-loader.dir/drivers/SpiMaster.cpp.o
 .ARM.attributes
                0x0000000000000172       0x34 CMakeFiles/pinetime-recovery-loader.dir/drivers/Spi.cpp.o
 .ARM.attributes
                0x00000000000001a6       0x34 CMakeFiles/pinetime-recovery-loader.dir/components/rle/RleDecoder.cpp.o
 .ARM.attributes
                0x00000000000001da       0x34 CMakeFiles/pinetime-recovery-loader.dir/components/gfx/Gfx.cpp.o
 .ARM.attributes
                0x000000000000020e       0x34 CMakeFiles/pinetime-recovery-loader.dir/drivers/St7789.cpp.o
 .ARM.attributes
                0x0000000000000242       0x34 CMakeFiles/pinetime-recovery-loader.dir/components/brightness/BrightnessController.cpp.o
 .ARM.attributes
                0x0000000000000276       0x34 CMakeFiles/pinetime-recovery-loader.dir/recoveryLoader.cpp.o
 .ARM.attributes
                0x00000000000002aa       0x1c libnrf-sdk.a(gcc_startup_nrf52.S.o)
 .ARM.attributes
                0x00000000000002c6       0x34 libnrf-sdk.a(nrf_drv_clock.c.o)
 .ARM.attributes
                0x00000000000002fa       0x34 libnrf-sdk.a(nrfx_clock.c.o)
 .ARM.attributes
                0x000000000000032e       0x34 libnrf-sdk.a(queue.c.o)
 .ARM.attributes
                0x0000000000000362       0x34 libnrf-sdk.a(tasks.c.o)
 .ARM.attributes
                0x0000000000000396       0x34 libnrf-sdk.a(timers.c.o)
 .ARM.attributes
                0x00000000000003ca       0x34 libnrf-sdk.a(app_error.c.o)
 .ARM.attributes
                0x00000000000003fe       0x34 libnrf-sdk.a(app_error_weak.c.o)
 .ARM.attributes
                0x0000000000000432       0x34 libnrf-sdk.a(app_util_platform.c.o)
 .ARM.attributes
                0x0000000000000466       0x34 libnrf-sdk.a(app_gpiote.c.o)
 .ARM.attributes
                0x000000000000049a       0x34 libnrf-sdk.a(system_nrf52.c.o)
 .ARM.attributes
                0x00000000000004ce       0x34 libnrf-sdk.a(nrfx_gpiote.c.o)
 .ARM.attributes
                0x0000000000000502       0x34 libnrf-sdk.a(heap_4.c.o)
 .ARM.attributes
                0x0000000000000536       0x34 libnrf-sdk.a(list.c.o)
 .ARM.attributes
                0x000000000000056a       0x34 /opt/gcc-arm-none-eabi-9-2020-q2-update/bin/../lib/gcc/arm-none-eabi/9.3.1/../../../../arm-none-eabi/lib/thumb/v7e-m+fp/hard/libc_nano.a(lib_a-exit.o)
 .ARM.attributes
                0x000000000000059e       0x32 /opt/gcc-arm-none-eabi-9-2020-q2-update/bin/../lib/gcc/arm-none-eabi/9.3.1/../../../../arm-none-eabi/lib/thumb/v7e-m+fp/hard/libc_nano.a(lib_a-impure.o)
 .ARM.attributes
                0x00000000000005d0       0x34 /opt/gcc-arm-none-eabi-9-2020-q2-update/bin/../lib/gcc/arm-none-eabi/9.3.1/../../../../arm-none-eabi/lib/thumb/v7e-m+fp/hard/libc_nano.a(lib_a-init.o)
 .ARM.attributes
                0x0000000000000604       0x34 /opt/gcc-arm-none-eabi-9-2020-q2-update/bin/../lib/gcc/arm-none-eabi/9.3.1/../../../../arm-none-eabi/lib/thumb/v7e-m+fp/hard/libc_nano.a(lib_a-memcpy-stub.o)
 .ARM.attributes
                0x0000000000000638       0x34 /opt/gcc-arm-none-eabi-9-2020-q2-update/bin/../lib/gcc/arm-none-eabi/9.3.1/../../../../arm-none-eabi/lib/thumb/v7e-m+fp/hard/libc_nano.a(lib_a-memset.o)
 .ARM.attributes
                0x000000000000066c       0x32 /opt/gcc-arm-none-eabi-9-2020-q2-update/bin/../lib/gcc/arm-none-eabi/9.3.1/thumb/v7e-m+fp/hard/crtend.o
 .ARM.attributes
                0x000000000000069e       0x1e /opt/gcc-arm-none-eabi-9-2020-q2-update/bin/../lib/gcc/arm-none-eabi/9.3.1/thumb/v7e-m+fp/hard/crtn.o
 .ARM.attributes
                0x00000000000006bc       0x34 /opt/gcc-arm-none-eabi-9-2020-q2-update/bin/../lib/gcc/arm-none-eabi/9.3.1/../../../../arm-none-eabi/lib/thumb/v7e-m+fp/hard/libnosys.a(_exit.o)

.comment        0x0000000000000000       0x4c
 .comment       0x0000000000000000       0x4c CMakeFiles/pinetime-recovery-loader.dir/FreeRTOS/port.c.o
                                         0x4d (size before relaxing)
 .comment       0x000000000000004c       0x4d CMakeFiles/pinetime-recovery-loader.dir/FreeRTOS/port_cmsis_systick.c.o
 .comment       0x000000000000004c       0x4d CMakeFiles/pinetime-recovery-loader.dir/FreeRTOS/port_cmsis.c.o
 .comment       0x000000000000004c       0x4d CMakeFiles/pinetime-recovery-loader.dir/drivers/SpiNorFlash.cpp.o
 .comment       0x000000000000004c       0x4d CMakeFiles/pinetime-recovery-loader.dir/drivers/SpiMaster.cpp.o
 .comment       0x000000000000004c       0x4d CMakeFiles/pinetime-recovery-loader.dir/drivers/Spi.cpp.o
 .comment       0x000000000000004c       0x4d CMakeFiles/pinetime-recovery-loader.dir/components/rle/RleDecoder.cpp.o
 .comment       0x000000000000004c       0x4d CMakeFiles/pinetime-recovery-loader.dir/components/gfx/Gfx.cpp.o
 .comment       0x000000000000004c       0x4d CMakeFiles/pinetime-recovery-loader.dir/drivers/St7789.cpp.o
 .comment       0x000000000000004c       0x4d CMakeFiles/pinetime-recovery-loader.dir/components/brightness/BrightnessController.cpp.o
 .comment       0x000000000000004c       0x4d CMakeFiles/pinetime-recovery-loader.dir/recoveryLoader.cpp.o
 .comment       0x000000000000004c       0x4d libnrf-sdk.a(nrf_drv_clock.c.o)
 .comment       0x000000000000004c       0x4d libnrf-sdk.a(nrfx_clock.c.o)
 .comment       0x000000000000004c       0x4d libnrf-sdk.a(queue.c.o)
 .comment       0x000000000000004c       0x4d libnrf-sdk.a(tasks.c.o)
 .comment       0x000000000000004c       0x4d libnrf-sdk.a(timers.c.o)
 .comment       0x000000000000004c       0x4d libnrf-sdk.a(app_error.c.o)
 .comment       0x000000000000004c       0x4d libnrf-sdk.a(app_error_weak.c.o)
 .comment       0x000000000000004c       0x4d libnrf-sdk.a(app_util_platform.c.o)
 .comment       0x000000000000004c       0x4d libnrf-sdk.a(app_gpiote.c.o)
 .comment       0x000000000000004c       0x4d libnrf-sdk.a(system_nrf52.c.o)
 .comment       0x000000000000004c       0x4d libnrf-sdk.a(nrfx_gpiote.c.o)
 .comment       0x000000000000004c       0x4d libnrf-sdk.a(heap_4.c.o)
 .comment       0x000000000000004c       0x4d libnrf-sdk.a(list.c.o)

.debug_info     0x0000000000000000    0x2daa7
 .debug_info    0x0000000000000000      0x9c6 CMakeFiles/pinetime-recovery-loader.dir/FreeRTOS/port.c.o
 .debug_info    0x00000000000009c6     0x1a01 CMakeFiles/pinetime-recovery-loader.dir/FreeRTOS/port_cmsis_systick.c.o
 .debug_info    0x00000000000023c7     0x1131 CMakeFiles/pinetime-recovery-loader.dir/FreeRTOS/port_cmsis.c.o
 .debug_info    0x00000000000034f8     0x2497 CMakeFiles/pinetime-recovery-loader.dir/drivers/SpiNorFlash.cpp.o
 .debug_info    0x000000000000598f     0x3df4 CMakeFiles/pinetime-recovery-loader.dir/drivers/SpiMaster.cpp.o
 .debug_info    0x0000000000009783     0x2180 CMakeFiles/pinetime-recovery-loader.dir/drivers/Spi.cpp.o
 .debug_info    0x000000000000b903      0x6f7 CMakeFiles/pinetime-recovery-loader.dir/components/rle/RleDecoder.cpp.o
 .debug_info    0x000000000000bffa     0x23dd CMakeFiles/pinetime-recovery-loader.dir/components/gfx/Gfx.cpp.o
 .debug_info    0x000000000000e3d7     0x34d4 CMakeFiles/pinetime-recovery-loader.dir/drivers/St7789.cpp.o
 .debug_info    0x00000000000118ab     0x20fc CMakeFiles/pinetime-recovery-loader.dir/components/brightness/BrightnessController.cpp.o
 .debug_info    0x00000000000139a7     0x3fc1 CMakeFiles/pinetime-recovery-loader.dir/recoveryLoader.cpp.o
 .debug_info    0x0000000000017968     0x15f8 libnrf-sdk.a(nrf_drv_clock.c.o)
 .debug_info    0x0000000000018f60     0x1d59 libnrf-sdk.a(nrfx_clock.c.o)
 .debug_info    0x000000000001acb9     0x2904 libnrf-sdk.a(queue.c.o)
 .debug_info    0x000000000001d5bd     0x38a0 libnrf-sdk.a(tasks.c.o)
 .debug_info    0x0000000000020e5d     0x1e37 libnrf-sdk.a(timers.c.o)
 .debug_info    0x0000000000022c94      0xbac libnrf-sdk.a(app_error.c.o)
 .debug_info    0x0000000000023840      0xf4e libnrf-sdk.a(app_error_weak.c.o)
 .debug_info    0x000000000002478e     0x106d libnrf-sdk.a(app_util_platform.c.o)
 .debug_info    0x00000000000257fb     0x1ad8 libnrf-sdk.a(app_gpiote.c.o)
 .debug_info    0x00000000000272d3     0x1234 libnrf-sdk.a(system_nrf52.c.o)
 .debug_info    0x0000000000028507     0x3ca4 libnrf-sdk.a(nrfx_gpiote.c.o)
 .debug_info    0x000000000002c1ab      0xd26 libnrf-sdk.a(heap_4.c.o)
 .debug_info    0x000000000002ced1      0xbd6 libnrf-sdk.a(list.c.o)

.debug_abbrev   0x0000000000000000     0x71bf
 .debug_abbrev  0x0000000000000000      0x1d9 CMakeFiles/pinetime-recovery-loader.dir/FreeRTOS/port.c.o
 .debug_abbrev  0x00000000000001d9      0x436 CMakeFiles/pinetime-recovery-loader.dir/FreeRTOS/port_cmsis_systick.c.o
 .debug_abbrev  0x000000000000060f      0x3ea CMakeFiles/pinetime-recovery-loader.dir/FreeRTOS/port_cmsis.c.o
 .debug_abbrev  0x00000000000009f9      0x5c0 CMakeFiles/pinetime-recovery-loader.dir/drivers/SpiNorFlash.cpp.o
 .debug_abbrev  0x0000000000000fb9      0x8f1 CMakeFiles/pinetime-recovery-loader.dir/drivers/SpiMaster.cpp.o
 .debug_abbrev  0x00000000000018aa      0x59b CMakeFiles/pinetime-recovery-loader.dir/drivers/Spi.cpp.o
 .debug_abbrev  0x0000000000001e45      0x24b CMakeFiles/pinetime-recovery-loader.dir/components/rle/RleDecoder.cpp.o
 .debug_abbrev  0x0000000000002090      0x72a CMakeFiles/pinetime-recovery-loader.dir/components/gfx/Gfx.cpp.o
 .debug_abbrev  0x00000000000027ba      0x693 CMakeFiles/pinetime-recovery-loader.dir/drivers/St7789.cpp.o
 .debug_abbrev  0x0000000000002e4d      0x4cd CMakeFiles/pinetime-recovery-loader.dir/components/brightness/BrightnessController.cpp.o
 .debug_abbrev  0x000000000000331a      0xa97 CMakeFiles/pinetime-recovery-loader.dir/recoveryLoader.cpp.o
 .debug_abbrev  0x0000000000003db1      0x509 libnrf-sdk.a(nrf_drv_clock.c.o)
 .debug_abbrev  0x00000000000042ba      0x4f1 libnrf-sdk.a(nrfx_clock.c.o)
 .debug_abbrev  0x00000000000047ab      0x44c libnrf-sdk.a(queue.c.o)
 .debug_abbrev  0x0000000000004bf7      0x53d libnrf-sdk.a(tasks.c.o)
 .debug_abbrev  0x0000000000005134      0x45b libnrf-sdk.a(timers.c.o)
 .debug_abbrev  0x000000000000558f      0x276 libnrf-sdk.a(app_error.c.o)
 .debug_abbrev  0x0000000000005805      0x2b2 libnrf-sdk.a(app_error_weak.c.o)
 .debug_abbrev  0x0000000000005ab7      0x344 libnrf-sdk.a(app_util_platform.c.o)
 .debug_abbrev  0x0000000000005dfb      0x582 libnrf-sdk.a(app_gpiote.c.o)
 .debug_abbrev  0x000000000000637d      0x248 libnrf-sdk.a(system_nrf52.c.o)
 .debug_abbrev  0x00000000000065c5      0x630 libnrf-sdk.a(nrfx_gpiote.c.o)
 .debug_abbrev  0x0000000000006bf5      0x37e libnrf-sdk.a(heap_4.c.o)
 .debug_abbrev  0x0000000000006f73      0x24c libnrf-sdk.a(list.c.o)

.debug_aranges  0x0000000000000000      0xbe8
 .debug_aranges
                0x0000000000000000       0x30 CMakeFiles/pinetime-recovery-loader.dir/FreeRTOS/port.c.o
 .debug_aranges
                0x0000000000000030       0x30 CMakeFiles/pinetime-recovery-loader.dir/FreeRTOS/port_cmsis_systick.c.o
 .debug_aranges
                0x0000000000000060       0x58 CMakeFiles/pinetime-recovery-loader.dir/FreeRTOS/port_cmsis.c.o
 .debug_aranges
                0x00000000000000b8       0xa0 CMakeFiles/pinetime-recovery-loader.dir/drivers/SpiNorFlash.cpp.o
 .debug_aranges
                0x0000000000000158       0x80 CMakeFiles/pinetime-recovery-loader.dir/drivers/SpiMaster.cpp.o
 .debug_aranges
                0x00000000000001d8       0x50 CMakeFiles/pinetime-recovery-loader.dir/drivers/Spi.cpp.o
 .debug_aranges
                0x0000000000000228       0x30 CMakeFiles/pinetime-recovery-loader.dir/components/rle/RleDecoder.cpp.o
 .debug_aranges
                0x0000000000000258       0x98 CMakeFiles/pinetime-recovery-loader.dir/components/gfx/Gfx.cpp.o
 .debug_aranges
                0x00000000000002f0       0xf0 CMakeFiles/pinetime-recovery-loader.dir/drivers/St7789.cpp.o
 .debug_aranges
                0x00000000000003e0       0x68 CMakeFiles/pinetime-recovery-loader.dir/components/brightness/BrightnessController.cpp.o
 .debug_aranges
                0x0000000000000448       0x68 CMakeFiles/pinetime-recovery-loader.dir/recoveryLoader.cpp.o
 .debug_aranges
                0x00000000000004b0       0x88 libnrf-sdk.a(nrf_drv_clock.c.o)
 .debug_aranges
                0x0000000000000538       0x78 libnrf-sdk.a(nrfx_clock.c.o)
 .debug_aranges
                0x00000000000005b0      0x110 libnrf-sdk.a(queue.c.o)
 .debug_aranges
                0x00000000000006c0      0x1d0 libnrf-sdk.a(tasks.c.o)
 .debug_aranges
                0x0000000000000890       0xa8 libnrf-sdk.a(timers.c.o)
 .debug_aranges
                0x0000000000000938       0x28 libnrf-sdk.a(app_error.c.o)
 .debug_aranges
                0x0000000000000960       0x20 libnrf-sdk.a(app_error_weak.c.o)
 .debug_aranges
                0x0000000000000980       0x48 libnrf-sdk.a(app_util_platform.c.o)
 .debug_aranges
                0x00000000000009c8       0x68 libnrf-sdk.a(app_gpiote.c.o)
 .debug_aranges
                0x0000000000000a30       0x38 libnrf-sdk.a(system_nrf52.c.o)
 .debug_aranges
                0x0000000000000a68       0xf8 libnrf-sdk.a(nrfx_gpiote.c.o)
 .debug_aranges
                0x0000000000000b60       0x48 libnrf-sdk.a(heap_4.c.o)
 .debug_aranges
                0x0000000000000ba8       0x40 libnrf-sdk.a(list.c.o)

.debug_ranges   0x0000000000000000     0x2570
 .debug_ranges  0x0000000000000000       0x20 CMakeFiles/pinetime-recovery-loader.dir/FreeRTOS/port.c.o
 .debug_ranges  0x0000000000000020       0xe8 CMakeFiles/pinetime-recovery-loader.dir/FreeRTOS/port_cmsis_systick.c.o
 .debug_ranges  0x0000000000000108       0x78 CMakeFiles/pinetime-recovery-loader.dir/FreeRTOS/port_cmsis.c.o
 .debug_ranges  0x0000000000000180       0xc0 CMakeFiles/pinetime-recovery-loader.dir/drivers/SpiNorFlash.cpp.o
 .debug_ranges  0x0000000000000240      0x398 CMakeFiles/pinetime-recovery-loader.dir/drivers/SpiMaster.cpp.o
 .debug_ranges  0x00000000000005d8      0x138 CMakeFiles/pinetime-recovery-loader.dir/drivers/Spi.cpp.o
 .debug_ranges  0x0000000000000710       0x38 CMakeFiles/pinetime-recovery-loader.dir/components/rle/RleDecoder.cpp.o
 .debug_ranges  0x0000000000000748       0xf0 CMakeFiles/pinetime-recovery-loader.dir/components/gfx/Gfx.cpp.o
 .debug_ranges  0x0000000000000838      0x378 CMakeFiles/pinetime-recovery-loader.dir/drivers/St7789.cpp.o
 .debug_ranges  0x0000000000000bb0      0x3d8 CMakeFiles/pinetime-recovery-loader.dir/components/brightness/BrightnessController.cpp.o
 .debug_ranges  0x0000000000000f88      0x188 CMakeFiles/pinetime-recovery-loader.dir/recoveryLoader.cpp.o
 .debug_ranges  0x0000000000001110       0xf0 libnrf-sdk.a(nrf_drv_clock.c.o)
 .debug_ranges  0x0000000000001200      0x178 libnrf-sdk.a(nrfx_clock.c.o)
 .debug_ranges  0x0000000000001378      0x250 libnrf-sdk.a(queue.c.o)
 .debug_ranges  0x00000000000015c8      0x3a0 libnrf-sdk.a(tasks.c.o)
 .debug_ranges  0x0000000000001968      0x120 libnrf-sdk.a(timers.c.o)
 .debug_ranges  0x0000000000001a88       0x18 libnrf-sdk.a(app_error.c.o)
 .debug_ranges  0x0000000000001aa0       0x10 libnrf-sdk.a(app_error_weak.c.o)
 .debug_ranges  0x0000000000001ab0       0x38 libnrf-sdk.a(app_util_platform.c.o)
 .debug_ranges  0x0000000000001ae8      0x1e8 libnrf-sdk.a(app_gpiote.c.o)
 .debug_ranges  0x0000000000001cd0       0x28 libnrf-sdk.a(system_nrf52.c.o)
 .debug_ranges  0x0000000000001cf8      0x810 libnrf-sdk.a(nrfx_gpiote.c.o)
 .debug_ranges  0x0000000000002508       0x38 libnrf-sdk.a(heap_4.c.o)
 .debug_ranges  0x0000000000002540       0x30 libnrf-sdk.a(list.c.o)

.debug_macro    0x0000000000000000    0x1e94d
 .debug_macro   0x0000000000000000      0x2c5 CMakeFiles/pinetime-recovery-loader.dir/FreeRTOS/port.c.o
 .debug_macro   0x00000000000002c5      0xb1a CMakeFiles/pinetime-recovery-loader.dir/FreeRTOS/port.c.o
 .debug_macro   0x0000000000000ddf      0x16d CMakeFiles/pinetime-recovery-loader.dir/FreeRTOS/port.c.o
 .debug_macro   0x0000000000000f4c       0x22 CMakeFiles/pinetime-recovery-loader.dir/FreeRTOS/port.c.o
 .debug_macro   0x0000000000000f6e       0x56 CMakeFiles/pinetime-recovery-loader.dir/FreeRTOS/port.c.o
 .debug_macro   0x0000000000000fc4       0x51 CMakeFiles/pinetime-recovery-loader.dir/FreeRTOS/port.c.o
 .debug_macro   0x0000000000001015      0x103 CMakeFiles/pinetime-recovery-loader.dir/FreeRTOS/port.c.o
 .debug_macro   0x0000000000001118       0x6a CMakeFiles/pinetime-recovery-loader.dir/FreeRTOS/port.c.o
 .debug_macro   0x0000000000001182      0x1df CMakeFiles/pinetime-recovery-loader.dir/FreeRTOS/port.c.o
 .debug_macro   0x0000000000001361       0x32 CMakeFiles/pinetime-recovery-loader.dir/FreeRTOS/port.c.o
 .debug_macro   0x0000000000001393       0x22 CMakeFiles/pinetime-recovery-loader.dir/FreeRTOS/port.c.o
 .debug_macro   0x00000000000013b5       0x3b CMakeFiles/pinetime-recovery-loader.dir/FreeRTOS/port.c.o
 .debug_macro   0x00000000000013f0       0x3b CMakeFiles/pinetime-recovery-loader.dir/FreeRTOS/port.c.o
 .debug_macro   0x000000000000142b       0x50 CMakeFiles/pinetime-recovery-loader.dir/FreeRTOS/port.c.o
 .debug_macro   0x000000000000147b      0xe66 CMakeFiles/pinetime-recovery-loader.dir/FreeRTOS/port.c.o
 .debug_macro   0x00000000000022e1      0x392 CMakeFiles/pinetime-recovery-loader.dir/FreeRTOS/port.c.o
 .debug_macro   0x0000000000002673     0xccbe CMakeFiles/pinetime-recovery-loader.dir/FreeRTOS/port.c.o
 .debug_macro   0x000000000000f331     0x1325 CMakeFiles/pinetime-recovery-loader.dir/FreeRTOS/port.c.o
 .debug_macro   0x0000000000010656       0x82 CMakeFiles/pinetime-recovery-loader.dir/FreeRTOS/port.c.o
 .debug_macro   0x00000000000106d8       0x16 CMakeFiles/pinetime-recovery-loader.dir/FreeRTOS/port.c.o
 .debug_macro   0x00000000000106ee       0x64 CMakeFiles/pinetime-recovery-loader.dir/FreeRTOS/port.c.o
 .debug_macro   0x0000000000010752       0x18 CMakeFiles/pinetime-recovery-loader.dir/FreeRTOS/port.c.o
 .debug_macro   0x000000000001076a       0x35 CMakeFiles/pinetime-recovery-loader.dir/FreeRTOS/port.c.o
 .debug_macro   0x000000000001079f       0x34 CMakeFiles/pinetime-recovery-loader.dir/FreeRTOS/port.c.o
 .debug_macro   0x00000000000107d3       0x16 CMakeFiles/pinetime-recovery-loader.dir/FreeRTOS/port.c.o
 .debug_macro   0x00000000000107e9       0x35 CMakeFiles/pinetime-recovery-loader.dir/FreeRTOS/port.c.o
 .debug_macro   0x000000000001081e      0x35c CMakeFiles/pinetime-recovery-loader.dir/FreeRTOS/port.c.o
 .debug_macro   0x0000000000010b7a       0x10 CMakeFiles/pinetime-recovery-loader.dir/FreeRTOS/port.c.o
 .debug_macro   0x0000000000010b8a       0x16 CMakeFiles/pinetime-recovery-loader.dir/FreeRTOS/port.c.o
 .debug_macro   0x0000000000010ba0       0x43 CMakeFiles/pinetime-recovery-loader.dir/FreeRTOS/port.c.o
 .debug_macro   0x0000000000010be3       0x34 CMakeFiles/pinetime-recovery-loader.dir/FreeRTOS/port.c.o
 .debug_macro   0x0000000000010c17       0x10 CMakeFiles/pinetime-recovery-loader.dir/FreeRTOS/port.c.o
 .debug_macro   0x0000000000010c27       0x58 CMakeFiles/pinetime-recovery-loader.dir/FreeRTOS/port.c.o
 .debug_macro   0x0000000000010c7f      0x182 CMakeFiles/pinetime-recovery-loader.dir/FreeRTOS/port.c.o
 .debug_macro   0x0000000000010e01       0xbe CMakeFiles/pinetime-recovery-loader.dir/FreeRTOS/port.c.o
 .debug_macro   0x0000000000010ebf       0x16 CMakeFiles/pinetime-recovery-loader.dir/FreeRTOS/port.c.o
 .debug_macro   0x0000000000010ed5      0x129 CMakeFiles/pinetime-recovery-loader.dir/FreeRTOS/port.c.o
 .debug_macro   0x0000000000010ffe       0x22 CMakeFiles/pinetime-recovery-loader.dir/FreeRTOS/port.c.o
 .debug_macro   0x0000000000011020       0x8e CMakeFiles/pinetime-recovery-loader.dir/FreeRTOS/port.c.o
 .debug_macro   0x00000000000110ae       0xa7 CMakeFiles/pinetime-recovery-loader.dir/FreeRTOS/port.c.o
 .debug_macro   0x0000000000011155      0x16d CMakeFiles/pinetime-recovery-loader.dir/FreeRTOS/port.c.o
 .debug_macro   0x00000000000112c2       0x49 CMakeFiles/pinetime-recovery-loader.dir/FreeRTOS/port.c.o
 .debug_macro   0x000000000001130b       0x8c CMakeFiles/pinetime-recovery-loader.dir/FreeRTOS/port.c.o
 .debug_macro   0x0000000000011397      0x188 CMakeFiles/pinetime-recovery-loader.dir/FreeRTOS/port.c.o
 .debug_macro   0x000000000001151f       0x12 CMakeFiles/pinetime-recovery-loader.dir/FreeRTOS/port.c.o
 .debug_macro   0x0000000000011531      0x15a CMakeFiles/pinetime-recovery-loader.dir/FreeRTOS/port.c.o
 .debug_macro   0x000000000001168b      0x7bc CMakeFiles/pinetime-recovery-loader.dir/FreeRTOS/port.c.o
 .debug_macro   0x0000000000011e47       0xd7 CMakeFiles/pinetime-recovery-loader.dir/FreeRTOS/port.c.o
 .debug_macro   0x0000000000011f1e       0x10 CMakeFiles/pinetime-recovery-loader.dir/FreeRTOS/port.c.o
 .debug_macro   0x0000000000011f2e       0x1f CMakeFiles/pinetime-recovery-loader.dir/FreeRTOS/port.c.o
 .debug_macro   0x0000000000011f4d      0x43a CMakeFiles/pinetime-recovery-loader.dir/FreeRTOS/port.c.o
 .debug_macro   0x0000000000012387       0xb5 CMakeFiles/pinetime-recovery-loader.dir/FreeRTOS/port.c.o
 .debug_macro   0x000000000001243c       0x8c CMakeFiles/pinetime-recovery-loader.dir/FreeRTOS/port.c.o
 .debug_macro   0x00000000000124c8      0x3c1 CMakeFiles/pinetime-recovery-loader.dir/FreeRTOS/port_cmsis_systick.c.o
 .debug_macro   0x0000000000012889     0x22b1 CMakeFiles/pinetime-recovery-loader.dir/FreeRTOS/port_cmsis_systick.c.o
 .debug_macro   0x0000000000014b3a      0x3b1 CMakeFiles/pinetime-recovery-loader.dir/FreeRTOS/port_cmsis_systick.c.o
 .debug_macro   0x0000000000014eeb       0x52 CMakeFiles/pinetime-recovery-loader.dir/FreeRTOS/port_cmsis_systick.c.o
 .debug_macro   0x0000000000014f3d      0xd58 CMakeFiles/pinetime-recovery-loader.dir/FreeRTOS/port_cmsis_systick.c.o
 .debug_macro   0x0000000000015c95      0x12b CMakeFiles/pinetime-recovery-loader.dir/FreeRTOS/port_cmsis_systick.c.o
 .debug_macro   0x0000000000015dc0       0x45 CMakeFiles/pinetime-recovery-loader.dir/FreeRTOS/port_cmsis_systick.c.o
 .debug_macro   0x0000000000015e05       0x19 CMakeFiles/pinetime-recovery-loader.dir/FreeRTOS/port_cmsis_systick.c.o
 .debug_macro   0x0000000000015e1e       0x1d CMakeFiles/pinetime-recovery-loader.dir/FreeRTOS/port_cmsis_systick.c.o
 .debug_macro   0x0000000000015e3b       0x35 CMakeFiles/pinetime-recovery-loader.dir/FreeRTOS/port_cmsis_systick.c.o
 .debug_macro   0x0000000000015e70       0x7b CMakeFiles/pinetime-recovery-loader.dir/FreeRTOS/port_cmsis_systick.c.o
 .debug_macro   0x0000000000015eeb       0x64 CMakeFiles/pinetime-recovery-loader.dir/FreeRTOS/port_cmsis_systick.c.o
 .debug_macro   0x0000000000015f4f       0x20 CMakeFiles/pinetime-recovery-loader.dir/FreeRTOS/port_cmsis_systick.c.o
 .debug_macro   0x0000000000015f6f       0x28 CMakeFiles/pinetime-recovery-loader.dir/FreeRTOS/port_cmsis_systick.c.o
 .debug_macro   0x0000000000015f97       0x22 CMakeFiles/pinetime-recovery-loader.dir/FreeRTOS/port_cmsis_systick.c.o
 .debug_macro   0x0000000000015fb9       0x10 CMakeFiles/pinetime-recovery-loader.dir/FreeRTOS/port_cmsis_systick.c.o
 .debug_macro   0x0000000000015fc9      0x2ef CMakeFiles/pinetime-recovery-loader.dir/FreeRTOS/port_cmsis.c.o
 .debug_macro   0x00000000000162b8      0x479 CMakeFiles/pinetime-recovery-loader.dir/drivers/SpiNorFlash.cpp.o
 .debug_macro   0x0000000000016731      0xbfe CMakeFiles/pinetime-recovery-loader.dir/drivers/SpiNorFlash.cpp.o
 .debug_macro   0x000000000001732f       0x28 CMakeFiles/pinetime-recovery-loader.dir/drivers/SpiNorFlash.cpp.o
 .debug_macro   0x0000000000017357      0x17c CMakeFiles/pinetime-recovery-loader.dir/drivers/SpiNorFlash.cpp.o
 .debug_macro   0x00000000000174d3       0x10 CMakeFiles/pinetime-recovery-loader.dir/drivers/SpiNorFlash.cpp.o
 .debug_macro   0x00000000000174e3      0x41e CMakeFiles/pinetime-recovery-loader.dir/drivers/SpiNorFlash.cpp.o
 .debug_macro   0x0000000000017901      0x17b CMakeFiles/pinetime-recovery-loader.dir/drivers/SpiNorFlash.cpp.o
 .debug_macro   0x0000000000017a7c       0x1c CMakeFiles/pinetime-recovery-loader.dir/drivers/SpiNorFlash.cpp.o
 .debug_macro   0x0000000000017a98       0x56 CMakeFiles/pinetime-recovery-loader.dir/drivers/SpiNorFlash.cpp.o
 .debug_macro   0x0000000000017aee       0x16 CMakeFiles/pinetime-recovery-loader.dir/drivers/SpiNorFlash.cpp.o
 .debug_macro   0x0000000000017b04      0xe66 CMakeFiles/pinetime-recovery-loader.dir/drivers/SpiNorFlash.cpp.o
 .debug_macro   0x000000000001896a       0x26 CMakeFiles/pinetime-recovery-loader.dir/drivers/SpiNorFlash.cpp.o
 .debug_macro   0x0000000000018990       0x3f CMakeFiles/pinetime-recovery-loader.dir/drivers/SpiNorFlash.cpp.o
 .debug_macro   0x00000000000189cf       0x34 CMakeFiles/pinetime-recovery-loader.dir/drivers/SpiNorFlash.cpp.o
 .debug_macro   0x0000000000018a03       0x35 CMakeFiles/pinetime-recovery-loader.dir/drivers/SpiNorFlash.cpp.o
 .debug_macro   0x0000000000018a38      0x35c CMakeFiles/pinetime-recovery-loader.dir/drivers/SpiNorFlash.cpp.o
 .debug_macro   0x0000000000018d94       0x43 CMakeFiles/pinetime-recovery-loader.dir/drivers/SpiNorFlash.cpp.o
 .debug_macro   0x0000000000018dd7      0x114 CMakeFiles/pinetime-recovery-loader.dir/drivers/SpiNorFlash.cpp.o
 .debug_macro   0x0000000000018eeb       0x16 CMakeFiles/pinetime-recovery-loader.dir/drivers/SpiNorFlash.cpp.o
 .debug_macro   0x0000000000018f01       0x10 CMakeFiles/pinetime-recovery-loader.dir/drivers/SpiNorFlash.cpp.o
 .debug_macro   0x0000000000018f11       0x16 CMakeFiles/pinetime-recovery-loader.dir/drivers/SpiNorFlash.cpp.o
 .debug_macro   0x0000000000018f27       0x22 CMakeFiles/pinetime-recovery-loader.dir/drivers/SpiNorFlash.cpp.o
 .debug_macro   0x0000000000018f49       0x54 CMakeFiles/pinetime-recovery-loader.dir/drivers/SpiNorFlash.cpp.o
 .debug_macro   0x0000000000018f9d       0x37 CMakeFiles/pinetime-recovery-loader.dir/drivers/SpiNorFlash.cpp.o
 .debug_macro   0x0000000000018fd4       0x16 CMakeFiles/pinetime-recovery-loader.dir/drivers/SpiNorFlash.cpp.o
 .debug_macro   0x0000000000018fea       0x55 CMakeFiles/pinetime-recovery-loader.dir/drivers/SpiNorFlash.cpp.o
 .debug_macro   0x000000000001903f      0x17f CMakeFiles/pinetime-recovery-loader.dir/drivers/SpiNorFlash.cpp.o
 .debug_macro   0x00000000000191be       0x9a CMakeFiles/pinetime-recovery-loader.dir/drivers/SpiNorFlash.cpp.o
 .debug_macro   0x0000000000019258      0x19c CMakeFiles/pinetime-recovery-loader.dir/drivers/SpiNorFlash.cpp.o
 .debug_macro   0x00000000000193f4       0xdd CMakeFiles/pinetime-recovery-loader.dir/drivers/SpiNorFlash.cpp.o
 .debug_macro   0x00000000000194d1       0x86 CMakeFiles/pinetime-recovery-loader.dir/drivers/SpiNorFlash.cpp.o
 .debug_macro   0x0000000000019557       0x7e CMakeFiles/pinetime-recovery-loader.dir/drivers/SpiNorFlash.cpp.o
 .debug_macro   0x00000000000195d5      0x687 CMakeFiles/pinetime-recovery-loader.dir/drivers/SpiMaster.cpp.o
 .debug_macro   0x0000000000019c5c       0x16 CMakeFiles/pinetime-recovery-loader.dir/drivers/SpiMaster.cpp.o
 .debug_macro   0x0000000000019c72       0x42 CMakeFiles/pinetime-recovery-loader.dir/drivers/SpiMaster.cpp.o
 .debug_macro   0x0000000000019cb4       0x28 CMakeFiles/pinetime-recovery-loader.dir/drivers/SpiMaster.cpp.o
 .debug_macro   0x0000000000019cdc       0x33 CMakeFiles/pinetime-recovery-loader.dir/drivers/SpiMaster.cpp.o
 .debug_macro   0x0000000000019d0f       0x12 CMakeFiles/pinetime-recovery-loader.dir/drivers/SpiMaster.cpp.o
 .debug_macro   0x0000000000019d21       0x27 CMakeFiles/pinetime-recovery-loader.dir/drivers/SpiMaster.cpp.o
 .debug_macro   0x0000000000019d48       0x1c CMakeFiles/pinetime-recovery-loader.dir/drivers/SpiMaster.cpp.o
 .debug_macro   0x0000000000019d64       0x18 CMakeFiles/pinetime-recovery-loader.dir/drivers/SpiMaster.cpp.o
 .debug_macro   0x0000000000019d7c       0x6e CMakeFiles/pinetime-recovery-loader.dir/drivers/SpiMaster.cpp.o
 .debug_macro   0x0000000000019dea       0x2e CMakeFiles/pinetime-recovery-loader.dir/drivers/SpiMaster.cpp.o
 .debug_macro   0x0000000000019e18       0x19 CMakeFiles/pinetime-recovery-loader.dir/drivers/SpiMaster.cpp.o
 .debug_macro   0x0000000000019e31       0x88 CMakeFiles/pinetime-recovery-loader.dir/drivers/SpiMaster.cpp.o
 .debug_macro   0x0000000000019eb9       0x19 CMakeFiles/pinetime-recovery-loader.dir/drivers/SpiMaster.cpp.o
 .debug_macro   0x0000000000019ed2       0x10 CMakeFiles/pinetime-recovery-loader.dir/drivers/SpiMaster.cpp.o
 .debug_macro   0x0000000000019ee2       0x16 CMakeFiles/pinetime-recovery-loader.dir/drivers/SpiMaster.cpp.o
 .debug_macro   0x0000000000019ef8       0x22 CMakeFiles/pinetime-recovery-loader.dir/drivers/SpiMaster.cpp.o
 .debug_macro   0x0000000000019f1a       0x1c CMakeFiles/pinetime-recovery-loader.dir/drivers/SpiMaster.cpp.o
 .debug_macro   0x0000000000019f36       0xde CMakeFiles/pinetime-recovery-loader.dir/drivers/SpiMaster.cpp.o
 .debug_macro   0x000000000001a014       0x10 CMakeFiles/pinetime-recovery-loader.dir/drivers/SpiMaster.cpp.o
 .debug_macro   0x000000000001a024       0xf6 CMakeFiles/pinetime-recovery-loader.dir/drivers/SpiMaster.cpp.o
 .debug_macro   0x000000000001a11a      0x486 CMakeFiles/pinetime-recovery-loader.dir/drivers/Spi.cpp.o
 .debug_macro   0x000000000001a5a0       0xab CMakeFiles/pinetime-recovery-loader.dir/components/rle/RleDecoder.cpp.o
 .debug_macro   0x000000000001a64b      0x31a CMakeFiles/pinetime-recovery-loader.dir/components/gfx/Gfx.cpp.o
 .debug_macro   0x000000000001a965      0x488 CMakeFiles/pinetime-recovery-loader.dir/drivers/St7789.cpp.o
 .debug_macro   0x000000000001aded      0x351 CMakeFiles/pinetime-recovery-loader.dir/components/brightness/BrightnessController.cpp.o
 .debug_macro   0x000000000001b13e      0x769 CMakeFiles/pinetime-recovery-loader.dir/recoveryLoader.cpp.o
 .debug_macro   0x000000000001b8a7       0x11 CMakeFiles/pinetime-recovery-loader.dir/recoveryLoader.cpp.o
 .debug_macro   0x000000000001b8b8       0x2b CMakeFiles/pinetime-recovery-loader.dir/recoveryLoader.cpp.o
 .debug_macro   0x000000000001b8e3       0x25 CMakeFiles/pinetime-recovery-loader.dir/recoveryLoader.cpp.o
 .debug_macro   0x000000000001b908       0x1c CMakeFiles/pinetime-recovery-loader.dir/recoveryLoader.cpp.o
 .debug_macro   0x000000000001b924       0x44 CMakeFiles/pinetime-recovery-loader.dir/recoveryLoader.cpp.o
 .debug_macro   0x000000000001b968       0xcc CMakeFiles/pinetime-recovery-loader.dir/recoveryLoader.cpp.o
 .debug_macro   0x000000000001ba34       0x17 CMakeFiles/pinetime-recovery-loader.dir/recoveryLoader.cpp.o
 .debug_macro   0x000000000001ba4b       0x22 CMakeFiles/pinetime-recovery-loader.dir/recoveryLoader.cpp.o
 .debug_macro   0x000000000001ba6d       0x8e CMakeFiles/pinetime-recovery-loader.dir/recoveryLoader.cpp.o
 .debug_macro   0x000000000001bafb       0x16 CMakeFiles/pinetime-recovery-loader.dir/recoveryLoader.cpp.o
 .debug_macro   0x000000000001bb11      0x3f0 libnrf-sdk.a(nrf_drv_clock.c.o)
 .debug_macro   0x000000000001bf01       0x10 libnrf-sdk.a(nrf_drv_clock.c.o)
 .debug_macro   0x000000000001bf11      0x179 libnrf-sdk.a(nrf_drv_clock.c.o)
 .debug_macro   0x000000000001c08a      0x3e0 libnrf-sdk.a(nrfx_clock.c.o)
 .debug_macro   0x000000000001c46a       0x1c libnrf-sdk.a(nrfx_clock.c.o)
 .debug_macro   0x000000000001c486      0x347 libnrf-sdk.a(queue.c.o)
 .debug_macro   0x000000000001c7cd      0x10e libnrf-sdk.a(queue.c.o)
 .debug_macro   0x000000000001c8db       0x86 libnrf-sdk.a(queue.c.o)
 .debug_macro   0x000000000001c961       0x1c libnrf-sdk.a(queue.c.o)
 .debug_macro   0x000000000001c97d      0x3af libnrf-sdk.a(tasks.c.o)
 .debug_macro   0x000000000001cd2c       0x91 libnrf-sdk.a(tasks.c.o)
 .debug_macro   0x000000000001cdbd       0x10 libnrf-sdk.a(tasks.c.o)
 .debug_macro   0x000000000001cdcd      0x318 libnrf-sdk.a(timers.c.o)
 .debug_macro   0x000000000001d0e5      0x214 libnrf-sdk.a(app_error.c.o)
 .debug_macro   0x000000000001d2f9       0x35 libnrf-sdk.a(app_error.c.o)
 .debug_macro   0x000000000001d32e       0x97 libnrf-sdk.a(app_error.c.o)
 .debug_macro   0x000000000001d3c5       0xf6 libnrf-sdk.a(app_error.c.o)
 .debug_macro   0x000000000001d4bb      0x303 libnrf-sdk.a(app_error_weak.c.o)
 .debug_macro   0x000000000001d7be       0x4e libnrf-sdk.a(app_error_weak.c.o)
 .debug_macro   0x000000000001d80c       0x92 libnrf-sdk.a(app_error_weak.c.o)
 .debug_macro   0x000000000001d89e      0x22a libnrf-sdk.a(app_util_platform.c.o)
 .debug_macro   0x000000000001dac8      0x397 libnrf-sdk.a(app_gpiote.c.o)
 .debug_macro   0x000000000001de5f       0x10 libnrf-sdk.a(app_gpiote.c.o)
 .debug_macro   0x000000000001de6f       0x16 libnrf-sdk.a(app_gpiote.c.o)
 .debug_macro   0x000000000001de85       0xf1 libnrf-sdk.a(system_nrf52.c.o)
 .debug_macro   0x000000000001df76      0x406 libnrf-sdk.a(nrfx_gpiote.c.o)
 .debug_macro   0x000000000001e37c      0x2fc libnrf-sdk.a(heap_4.c.o)
 .debug_macro   0x000000000001e678      0x2d5 libnrf-sdk.a(list.c.o)

.debug_line     0x0000000000000000    0x15ffe
 .debug_line    0x0000000000000000      0x661 CMakeFiles/pinetime-recovery-loader.dir/FreeRTOS/port.c.o
 .debug_line    0x0000000000000661      0xd58 CMakeFiles/pinetime-recovery-loader.dir/FreeRTOS/port_cmsis_systick.c.o
 .debug_line    0x00000000000013b9      0x7a9 CMakeFiles/pinetime-recovery-loader.dir/FreeRTOS/port_cmsis.c.o
 .debug_line    0x0000000000001b62      0xf0b CMakeFiles/pinetime-recovery-loader.dir/drivers/SpiNorFlash.cpp.o
 .debug_line    0x0000000000002a6d     0x1a41 CMakeFiles/pinetime-recovery-loader.dir/drivers/SpiMaster.cpp.o
 .debug_line    0x00000000000044ae      0xd4f CMakeFiles/pinetime-recovery-loader.dir/drivers/Spi.cpp.o
 .debug_line    0x00000000000051fd      0x419 CMakeFiles/pinetime-recovery-loader.dir/components/rle/RleDecoder.cpp.o
 .debug_line    0x0000000000005616      0xe30 CMakeFiles/pinetime-recovery-loader.dir/components/gfx/Gfx.cpp.o
 .debug_line    0x0000000000006446     0x144f CMakeFiles/pinetime-recovery-loader.dir/drivers/St7789.cpp.o
 .debug_line    0x0000000000007895      0xeed CMakeFiles/pinetime-recovery-loader.dir/components/brightness/BrightnessController.cpp.o
 .debug_line    0x0000000000008782     0x186b CMakeFiles/pinetime-recovery-loader.dir/recoveryLoader.cpp.o
 .debug_line    0x0000000000009fed      0xd57 libnrf-sdk.a(nrf_drv_clock.c.o)
 .debug_line    0x000000000000ad44      0xea4 libnrf-sdk.a(nrfx_clock.c.o)
 .debug_line    0x000000000000bbe8     0x177b libnrf-sdk.a(queue.c.o)
 .debug_line    0x000000000000d363     0x261b libnrf-sdk.a(tasks.c.o)
 .debug_line    0x000000000000f97e      0xd8e libnrf-sdk.a(timers.c.o)
 .debug_line    0x000000000001070c      0x58b libnrf-sdk.a(app_error.c.o)
 .debug_line    0x0000000000010c97      0x7e2 libnrf-sdk.a(app_error_weak.c.o)
 .debug_line    0x0000000000011479      0x609 libnrf-sdk.a(app_util_platform.c.o)
 .debug_line    0x0000000000011a82      0xf03 libnrf-sdk.a(app_gpiote.c.o)
 .debug_line    0x0000000000012985      0x73f libnrf-sdk.a(system_nrf52.c.o)
 .debug_line    0x00000000000130c4     0x1d9e libnrf-sdk.a(nrfx_gpiote.c.o)
 .debug_line    0x0000000000014e62      0x99f libnrf-sdk.a(heap_4.c.o)